../Core/Src/main.c:155:19:flightComputerInit	16	static
../Core/Src/main.c:198:19:flightComputerCopySensors	16	static
../Core/Src/main.c:249:19:flightComputerEstimation	32	static
../Core/Src/main.c:298:5:main	464	static
../Core/Src/main.c:541:6:SystemClock_Config	88	static
../Core/Src/main.c:586:13:MX_ADC1_Init	24	static
../Core/Src/main.c:637:13:MX_I2C1_Init	8	static
../Core/Src/main.c:670:13:MX_SDIO_SD_Init	4	static
../Core/Src/main.c:697:13:MX_SPI1_Init	8	static
../Core/Src/main.c:734:13:MX_SPI2_Init	8	static
../Core/Src/main.c:771:13:MX_TIM1_Init	96	static
../Core/Src/main.c:846:13:MX_TIM2_Init	64	static
../Core/Src/main.c:916:13:MX_TIM3_Init	64	static
../Core/Src/main.c:978:13:MX_TIM5_Init	32	static
../Core/Src/main.c:1022:13:MX_TIM8_Init	96	static
../Core/Src/main.c:1096:13:MX_USART1_UART_Init	8	static
../Core/Src/main.c:1128:13:MX_USART2_UART_Init	8	static
../Core/Src/main.c:1158:13:MX_DMA_Init	16	static
../Core/Src/main.c:1194:13:MX_GPIO_Init	56	static
../Core/Src/main.c:1267:6:HAL_GPIO_EXTI_Callback	16	static
../Core/Src/main.c:1275:6:HAL_SPI_TxRxCpltCallback	16	static
../Core/Src/main.c:1285:6:HAL_TIM_PeriodElapsedCallback	16	static
../Core/Src/main.c:1293:6:HAL_I2C_MemRxCpltCallback	16	static
../Core/Src/main.c:1318:6:HAL_UART_RxCpltCallback	16	static
../Core/Src/main.c:1342:6:HAL_UARTEx_RxEventCallback	24	static
../Core/Src/main.c:1380:6:HAL_ADC_ConvCpltCallback	16	static
../Core/Src/main.c:1393:6:Error_Handler	4	static,ignoring_inline_asm
