../Core/Src/main.c:91:6:i2cScanner	3
../Core/Src/main.c:123:5:main	11
../Core/Src/main.c:297:6:SystemClock_Config	3
../Core/Src/main.c:343:13:MX_ADC1_Init	3
../Core/Src/main.c:395:13:MX_I2C1_Init	2
../Core/Src/main.c:429:13:MX_SDIO_SD_Init	1
../Core/Src/main.c:457:13:MX_SPI1_Init	2
../Core/Src/main.c:495:13:MX_SPI2_Init	2
../Core/Src/main.c:533:13:MX_TIM2_Init	9
../Core/Src/main.c:604:13:MX_TIM3_Init	9
../Core/Src/main.c:675:13:MX_USART1_UART_Init	2
../Core/Src/main.c:708:13:MX_USART2_UART_Init	2
../Core/Src/main.c:741:13:MX_GPIO_Init	1
../Core/Src/main.c:791:6:Error_Handler	1
