../Core/Src/main.c:125:6:i2cScanner	3
../Core/Src/main.c:161:5:main	1
../Core/Src/main.c:227:6:SystemClock_Config	3
../Core/Src/main.c:273:13:MX_ADC1_Init	3
../Core/Src/main.c:325:13:MX_I2C1_Init	2
../Core/Src/main.c:359:13:MX_SDIO_SD_Init	1
../Core/Src/main.c:387:13:MX_SPI1_Init	2
../Core/Src/main.c:425:13:MX_SPI2_Init	2
../Core/Src/main.c:463:13:MX_TIM1_Init	8
../Core/Src/main.c:543:13:MX_TIM2_Init	9
../Core/Src/main.c:614:13:MX_TIM3_Init	7
../Core/Src/main.c:677:13:MX_USART1_UART_Init	2
../Core/Src/main.c:710:13:MX_USART2_UART_Init	2
../Core/Src/main.c:741:13:MX_DMA_Init	1
../Core/Src/main.c:772:13:MX_GPIO_Init	1
../Core/Src/main.c:839:6:HAL_GPIO_EXTI_Callback	2
../Core/Src/main.c:847:6:HAL_SPI_TxRxCpltCallback	2
../Core/Src/main.c:866:6:HAL_I2C_MemRxCpltCallback	4
../Core/Src/main.c:889:6:HAL_UART_RxCpltCallback	3
../Core/Src/main.c:913:6:HAL_UARTEx_RxEventCallback	2
../Core/Src/main.c:945:6:Error_Handler	1
