Archive member included to satisfy reference by file (symbol)

C:/ST/STM32CubeIDE_1.19.0/STM32CubeIDE/plugins/com.st.stm32cube.ide.mcu.externaltools.gnu-tools-for-stm32.13.3.rel1.win32_1.0.0.202411081344/tools/bin/../lib/gcc/arm-none-eabi/13.3.1/../../../../arm-none-eabi/lib/thumb/v7e-m+fp/hard\libc_nano.a(libc_a-exit.o)
                              C:/ST/STM32CubeIDE_1.19.0/STM32CubeIDE/plugins/com.st.stm32cube.ide.mcu.externaltools.gnu-tools-for-stm32.13.3.rel1.win32_1.0.0.202411081344/tools/bin/../lib/gcc/arm-none-eabi/13.3.1/../../../../arm-none-eabi/lib/thumb/v7e-m+fp/hard/crt0.o (exit)
C:/ST/STM32CubeIDE_1.19.0/STM32CubeIDE/plugins/com.st.stm32cube.ide.mcu.externaltools.gnu-tools-for-stm32.13.3.rel1.win32_1.0.0.202411081344/tools/bin/../lib/gcc/arm-none-eabi/13.3.1/../../../../arm-none-eabi/lib/thumb/v7e-m+fp/hard\libc_nano.a(libc_a-malloc.o)
                              ./Middlewares/Third_Party/FatFs/src/option/syscall.o (malloc)
C:/ST/STM32CubeIDE_1.19.0/STM32CubeIDE/plugins/com.st.stm32cube.ide.mcu.externaltools.gnu-tools-for-stm32.13.3.rel1.win32_1.0.0.202411081344/tools/bin/../lib/gcc/arm-none-eabi/13.3.1/../../../../arm-none-eabi/lib/thumb/v7e-m+fp/hard\libc_nano.a(libc_a-mallocr.o)
                              C:/ST/STM32CubeIDE_1.19.0/STM32CubeIDE/plugins/com.st.stm32cube.ide.mcu.externaltools.gnu-tools-for-stm32.13.3.rel1.win32_1.0.0.202411081344/tools/bin/../lib/gcc/arm-none-eabi/13.3.1/../../../../arm-none-eabi/lib/thumb/v7e-m+fp/hard\libc_nano.a(libc_a-malloc.o) (_malloc_r)
C:/ST/STM32CubeIDE_1.19.0/STM32CubeIDE/plugins/com.st.stm32cube.ide.mcu.externaltools.gnu-tools-for-stm32.13.3.rel1.win32_1.0.0.202411081344/tools/bin/../lib/gcc/arm-none-eabi/13.3.1/../../../../arm-none-eabi/lib/thumb/v7e-m+fp/hard\libc_nano.a(libc_a-mlock.o)
                              C:/ST/STM32CubeIDE_1.19.0/STM32CubeIDE/plugins/com.st.stm32cube.ide.mcu.externaltools.gnu-tools-for-stm32.13.3.rel1.win32_1.0.0.202411081344/tools/bin/../lib/gcc/arm-none-eabi/13.3.1/../../../../arm-none-eabi/lib/thumb/v7e-m+fp/hard\libc_nano.a(libc_a-mallocr.o) (__malloc_lock)
C:/ST/STM32CubeIDE_1.19.0/STM32CubeIDE/plugins/com.st.stm32cube.ide.mcu.externaltools.gnu-tools-for-stm32.13.3.rel1.win32_1.0.0.202411081344/tools/bin/../lib/gcc/arm-none-eabi/13.3.1/../../../../arm-none-eabi/lib/thumb/v7e-m+fp/hard\libc_nano.a(libc_a-nano-vfprintf_float.o)
                              (_printf_float)
C:/ST/STM32CubeIDE_1.19.0/STM32CubeIDE/plugins/com.st.stm32cube.ide.mcu.externaltools.gnu-tools-for-stm32.13.3.rel1.win32_1.0.0.202411081344/tools/bin/../lib/gcc/arm-none-eabi/13.3.1/../../../../arm-none-eabi/lib/thumb/v7e-m+fp/hard\libc_nano.a(libc_a-nano-vfprintf_i.o)
                              C:/ST/STM32CubeIDE_1.19.0/STM32CubeIDE/plugins/com.st.stm32cube.ide.mcu.externaltools.gnu-tools-for-stm32.13.3.rel1.win32_1.0.0.202411081344/tools/bin/../lib/gcc/arm-none-eabi/13.3.1/../../../../arm-none-eabi/lib/thumb/v7e-m+fp/hard\libc_nano.a(libc_a-nano-vfprintf_float.o) (_printf_common)
C:/ST/STM32CubeIDE_1.19.0/STM32CubeIDE/plugins/com.st.stm32cube.ide.mcu.externaltools.gnu-tools-for-stm32.13.3.rel1.win32_1.0.0.202411081344/tools/bin/../lib/gcc/arm-none-eabi/13.3.1/../../../../arm-none-eabi/lib/thumb/v7e-m+fp/hard\libc_nano.a(libc_a-nano-vfscanf_float.o)
                              (_scanf_float)
C:/ST/STM32CubeIDE_1.19.0/STM32CubeIDE/plugins/com.st.stm32cube.ide.mcu.externaltools.gnu-tools-for-stm32.13.3.rel1.win32_1.0.0.202411081344/tools/bin/../lib/gcc/arm-none-eabi/13.3.1/../../../../arm-none-eabi/lib/thumb/v7e-m+fp/hard\libc_nano.a(libc_a-findfp.o)
                              C:/ST/STM32CubeIDE_1.19.0/STM32CubeIDE/plugins/com.st.stm32cube.ide.mcu.externaltools.gnu-tools-for-stm32.13.3.rel1.win32_1.0.0.202411081344/tools/bin/../lib/gcc/arm-none-eabi/13.3.1/../../../../arm-none-eabi/lib/thumb/v7e-m+fp/hard\libc_nano.a(libc_a-exit.o) (__stdio_exit_handler)
C:/ST/STM32CubeIDE_1.19.0/STM32CubeIDE/plugins/com.st.stm32cube.ide.mcu.externaltools.gnu-tools-for-stm32.13.3.rel1.win32_1.0.0.202411081344/tools/bin/../lib/gcc/arm-none-eabi/13.3.1/../../../../arm-none-eabi/lib/thumb/v7e-m+fp/hard\libc_nano.a(libc_a-fwalk.o)
                              C:/ST/STM32CubeIDE_1.19.0/STM32CubeIDE/plugins/com.st.stm32cube.ide.mcu.externaltools.gnu-tools-for-stm32.13.3.rel1.win32_1.0.0.202411081344/tools/bin/../lib/gcc/arm-none-eabi/13.3.1/../../../../arm-none-eabi/lib/thumb/v7e-m+fp/hard\libc_nano.a(libc_a-findfp.o) (_fwalk_sglue)
C:/ST/STM32CubeIDE_1.19.0/STM32CubeIDE/plugins/com.st.stm32cube.ide.mcu.externaltools.gnu-tools-for-stm32.13.3.rel1.win32_1.0.0.202411081344/tools/bin/../lib/gcc/arm-none-eabi/13.3.1/../../../../arm-none-eabi/lib/thumb/v7e-m+fp/hard\libc_nano.a(libc_a-sprintf.o)
                              ./Core/Src/main.o (sprintf)
[...]
Memory Configuration

Name             Origin             Length             Attributes
CCMRAM           0x10000000         0x00010000         xrw
RAM              0x20000000         0x00020000         xrw
FLASH            0x08000000         0x00100000         xr
*default*        0x00000000         0xffffffff

Linker script and memory map

LOAD C:/ST/STM32CubeIDE_1.19.0/STM32CubeIDE/plugins/com.st.stm32cube.ide.mcu.externaltools.gnu-tools-for-stm32.13.3.rel1.win32_1.0.0.202411081344/tools/bin/../lib/gcc/arm-none-eabi/13.3.1/thumb/v7e-m+fp/hard/crti.o
LOAD C:/ST/STM32CubeIDE_1.19.0/STM32CubeIDE/plugins/com.st.stm32cube.ide.mcu.externaltools.gnu-tools-for-stm32.13.3.rel1.win32_1.0.0.202411081344/tools/bin/../lib/gcc/arm-none-eabi/13.3.1/thumb/v7e-m+fp/hard/crtbegin.o
LOAD C:/ST/STM32CubeIDE_1.19.0/STM32CubeIDE/plugins/com.st.stm32cube.ide.mcu.externaltools.gnu-tools-for-stm32.13.3.rel1.win32_1.0.0.202411081344/tools/bin/../lib/gcc/arm-none-eabi/13.3.1/../../../../arm-none-eabi/lib/thumb/v7e-m+fp/hard/crt0.o
LOAD ./Core/Src/drivers/BMP280/BMP280.o
LOAD ./Core/Src/drivers/LIS2MDL/LIS2MDL.o
LOAD ./Core/Src/drivers/NEO6M/NEO6M.o
LOAD ./Core/Src/main.o
LOAD ./Core/Src/stm32f4xx_hal_msp.o
LOAD ./Core/Src/stm32f4xx_it.o
LOAD ./Core/Src/syscalls.o
LOAD ./Core/Src/sysmem.o
LOAD ./Core/Src/system_stm32f4xx.o
LOAD ./Core/Startup/startup_stm32f407vgtx.o
LOAD ./Drivers/STM32F4xx_HAL_Driver/Src/stm32f4xx_hal.o
LOAD ./Drivers/STM32F4xx_HAL_Driver/Src/stm32f4xx_hal_adc.o
LOAD ./Drivers/STM32F4xx_HAL_Driver/Src/stm32f4xx_hal_adc_ex.o
LOAD ./Drivers/STM32F4xx_HAL_Driver/Src/stm32f4xx_hal_cortex.o
LOAD ./Drivers/STM32F4xx_HAL_Driver/Src/stm32f4xx_hal_dma.o
LOAD ./Drivers/STM32F4xx_HAL_Driver/Src/stm32f4xx_hal_dma_ex.o
LOAD ./Drivers/STM32F4xx_HAL_Driver/Src/stm32f4xx_hal_exti.o
LOAD ./Drivers/STM32F4xx_HAL_Driver/Src/stm32f4xx_hal_flash.o
LOAD ./Drivers/STM32F4xx_HAL_Driver/Src/stm32f4xx_hal_flash_ex.o
LOAD ./Drivers/STM32F4xx_HAL_Driver/Src/stm32f4xx_hal_flash_ramfunc.o
LOAD ./Drivers/STM32F4xx_HAL_Driver/Src/stm32f4xx_hal_gpio.o
LOAD ./Drivers/STM32F4xx_HAL_Driver/Src/stm32f4xx_hal_i2c.o
LOAD ./Drivers/STM32F4xx_HAL_Driver/Src/stm32f4xx_hal_i2c_ex.o
LOAD ./Drivers/STM32F4xx_HAL_Driver/Src/stm32f4xx_hal_mmc.o
LOAD ./Drivers/STM32F4xx_HAL_Driver/Src/stm32f4xx_hal_pcd.o
LOAD ./Drivers/STM32F4xx_HAL_Driver/Src/stm32f4xx_hal_pcd_ex.o
LOAD ./Drivers/STM32F4xx_HAL_Driver/Src/stm32f4xx_hal_pwr.o
LOAD ./Drivers/STM32F4xx_HAL_Driver/Src/stm32f4xx_hal_pwr_ex.o
LOAD ./Drivers/STM32F4xx_HAL_Driver/Src/stm32f4xx_hal_rcc.o
LOAD ./Drivers/STM32F4xx_HAL_Driver/Src/stm32f4xx_hal_rcc_ex.o
LOAD ./Drivers/STM32F4xx_HAL_Driver/Src/stm32f4xx_hal_sd.o
LOAD ./Drivers/STM32F4xx_HAL_Driver/Src/stm32f4xx_hal_spi.o
LOAD ./Drivers/STM32F4xx_HAL_Driver/Src/stm32f4xx_hal_tim.o
LOAD ./Drivers/STM32F4xx_HAL_Driver/Src/stm32f4xx_hal_tim_ex.o
LOAD ./Drivers/STM32F4xx_HAL_Driver/Src/stm32f4xx_hal_uart.o
LOAD ./Drivers/STM32F4xx_HAL_Driver/Src/stm32f4xx_ll_adc.o
LOAD ./Drivers/STM32F4xx_HAL_Driver/Src/stm32f4xx_ll_sdmmc.o
LOAD ./Drivers/STM32F4xx_HAL_Driver/Src/stm32f4xx_ll_usb.o
LOAD ./FATFS/App/fatfs.o
LOAD ./FATFS/Target/bsp_driver_sd.o
LOAD ./FATFS/Target/fatfs_platform.o
LOAD ./FATFS/Target/sd_diskio.o
LOAD ./Middlewares/ST/STM32_USB_Device_Library/Class/CDC/Src/usbd_cdc.o
LOAD ./Middlewares/ST/STM32_USB_Device_Library/Core/Src/usbd_core.o
LOAD ./Middlewares/ST/STM32_USB_Device_Library/Core/Src/usbd_ctlreq.o
LOAD ./Middlewares/ST/STM32_USB_Device_Library/Core/Src/usbd_ioreq.o
LOAD ./Middlewares/Third_Party/FatFs/src/diskio.o
LOAD ./Middlewares/Third_Party/FatFs/src/ff.o
LOAD ./Middlewares/Third_Party/FatFs/src/ff_gen_drv.o
LOAD ./Middlewares/Third_Party/FatFs/src/option/ccsbcs.o
LOAD ./Middlewares/Third_Party/FatFs/src/option/syscall.o
LOAD ./USB_DEVICE/App/usb_device.o
LOAD ./USB_DEVICE/App/usbd_cdc_if.o
LOAD ./USB_DEVICE/App/usbd_desc.o
LOAD ./USB_DEVICE/Target/usbd_conf.o
START GROUP
LOAD C:/ST/STM32CubeIDE_1.19.0/STM32CubeIDE/plugins/com.st.stm32cube.ide.mcu.externaltools.gnu-tools-for-stm32.13.3.rel1.win32_1.0.0.202411081344/tools/bin/../lib/gcc/arm-none-eabi/13.3.1/../../../../arm-none-eabi/lib/thumb/v7e-m+fp/hard\libc_nano.a
LOAD C:/ST/STM32CubeIDE_1.19.0/STM32CubeIDE/plugins/com.st.stm32cube.ide.mcu.externaltools.gnu-tools-for-stm32.13.3.rel1.win32_1.0.0.202411081344/tools/bin/../lib/gcc/arm-none-eabi/13.3.1/../../../../arm-none-eabi/lib/thumb/v7e-m+fp/hard\libm.a
END GROUP
START GROUP
LOAD C:/ST/STM32CubeIDE_1.19.0/STM32CubeIDE/plugins/com.st.stm32cube.ide.mcu.externaltools.gnu-tools-for-stm32.13.3.rel1.win32_1.0.0.202411081344/tools/bin/../lib/gcc/arm-none-eabi/13.3.1/thumb/v7e-m+fp/hard\libgcc.a
LOAD C:/ST/STM32CubeIDE_1.19.0/STM32CubeIDE/plugins/com.st.stm32cube.ide.mcu.externaltools.gnu-tools-for-stm32.13.3.rel1.win32_1.0.0.202411081344/tools/bin/../lib/gcc/arm-none-eabi/13.3.1/../../../../arm-none-eabi/lib/thumb/v7e-m+fp/hard\libc_nano.a
END GROUP
START GROUP
LOAD C:/ST/STM32CubeIDE_1.19.0/STM32CubeIDE/plugins/com.st.stm32cube.ide.mcu.externaltools.gnu-tools-for-stm32.13.3.rel1.win32_1.0.0.202411081344/tools/bin/../lib/gcc/arm-none-eabi/13.3.1/thumb/v7e-m+fp/hard\libgcc.a
LOAD C:/ST/STM32CubeIDE_1.19.0/STM32CubeIDE/plugins/com.st.stm32cube.ide.mcu.externaltools.gnu-tools-for-stm32.13.3.rel1.win32_1.0.0.202411081344/tools/bin/../lib/gcc/arm-none-eabi/13.3.1/../../../../arm-none-eabi/lib/thumb/v7e-m+fp/hard\libc_nano.a
LOAD C:/ST/STM32CubeIDE_1.19.0/STM32CubeIDE/plugins/com.st.stm32cube.ide.mcu.externaltools.gnu-tools-for-stm32.13.3.rel1.win32_1.0.0.202411081344/tools/bin/../lib/gcc/arm-none-eabi/13.3.1/../../../../arm-none-eabi/lib/thumb/v7e-m+fp/hard\libnosys.a
END GROUP
START GROUP
LOAD C:/ST/STM32CubeIDE_1.19.0/STM32CubeIDE/plugins/com.st.stm32cube.ide.mcu.externaltools.gnu-tools-for-stm32.13.3.rel1.win32_1.0.0.202411081344/tools/bin/../lib/gcc/arm-none-eabi/13.3.1/thumb/v7e-m+fp/hard\libgcc.a
LOAD C:/ST/STM32CubeIDE_1.19.0/STM32CubeIDE/plugins/com.st.stm32cube.ide.mcu.externaltools.gnu-tools-for-stm32.13.3.rel1.win32_1.0.0.202411081344/tools/bin/../lib/gcc/arm-none-eabi/13.3.1/../../../../arm-none-eabi/lib/thumb/v7e-m+fp/hard\libc_nano.a
LOAD C:/ST/STM32CubeIDE_1.19.0/STM32CubeIDE/plugins/com.st.stm32cube.ide.mcu.externaltools.gnu-tools-for-stm32.13.3.rel1.win32_1.0.0.202411081344/tools/bin/../lib/gcc/arm-none-eabi/13.3.1/../../../../arm-none-eabi/lib/thumb/v7e-m+fp/hard\libnosys.a
END GROUP
LOAD C:/ST/STM32CubeIDE_1.19.0/STM32CubeIDE/plugins/com.st.stm32cube.ide.mcu.externaltools.gnu-tools-for-stm32.13.3.rel1.win32_1.0.0.202411081344/tools/bin/../lib/gcc/arm-none-eabi/13.3.1/thumb/v7e-m+fp/hard/crtend.o
LOAD C:/ST/STM32CubeIDE_1.19.0/STM32CubeIDE/plugins/com.st.stm32cube.ide.mcu.externaltools.gnu-tools-for-stm32.13.3.rel1.win32_1.0.0.202411081344/tools/bin/../lib/gcc/arm-none-eabi/13.3.1/thumb/v7e-m+fp/hard/crtn.o
                0x20020000                        _estack = (ORIGIN (RAM) + LENGTH (RAM))
                0x00000200                        _Min_Heap_Size = 0x200
                0x00000400                        _Min_Stack_Size = 0x400

.isr_vector     0x08000000      0x188
                0x08000000                        . = ALIGN (0x4)
 *(.isr_vector)
 .isr_vector    0x08000000      0x188 ./Core/Startup/startup_stm32f407vgtx.o
                0x08000000                g_pfnVectors
                0x08000188                        . = ALIGN (0x4)

.text           0x08000190    0x1557c
                0x08000190                        . = ALIGN (0x4)
 *(.text)
 .text          0x08000190       0x40 C:/ST/STM32CubeIDE_1.19.0/STM32CubeIDE/plugins/com.st.stm32cube.ide.mcu.externaltools.gnu-tools-for-stm32.13.3.rel1.win32_1.0.0.202411081344/tools/bin/../lib/gcc/arm-none-eabi/13.3.1/thumb/v7e-m+fp/hard/crtbegin.o
 .text          0x080001d0       0xa0 C:/ST/STM32CubeIDE_1.19.0/STM32CubeIDE/plugins/com.st.stm32cube.ide.mcu.externaltools.gnu-tools-for-stm32.13.3.rel1.win32_1.0.0.202411081344/tools/bin/../lib/gcc/arm-none-eabi/13.3.1/../../../../arm-none-eabi/lib/thumb/v7e-m+fp/hard\libc_nano.a(libc_a-memchr.o)
                0x080001d0                memchr
 .text          0x08000270       0x10 C:/ST/STM32CubeIDE_1.19.0/STM32CubeIDE/plugins/com.st.stm32cube.ide.mcu.externaltools.gnu-tools-for-stm32.13.3.rel1.win32_1.0.0.202411081344/tools/bin/../lib/gcc/arm-none-eabi/13.3.1/../../../../arm-none-eabi/lib/thumb/v7e-m+fp/hard\libc_nano.a(libc_a-strlen.o)
                0x08000270                strlen
 .text          0x08000280      0x378 C:/ST/STM32CubeIDE_1.19.0/STM32CubeIDE/plugins/com.st.stm32cube.ide.mcu.externaltools.gnu-tools-for-stm32.13.3.rel1.win32_1.0.0.202411081344/tools/bin/../lib/gcc/arm-none-eabi/13.3.1/thumb/v7e-m+fp/hard\libgcc.a(_arm_addsubdf3.o)
                0x08000280                __aeabi_drsub
                0x08000288                __aeabi_dsub
                0x08000288                __subdf3
                0x0800028c                __aeabi_dadd
                0x0800028c                __adddf3
                0x08000504                __floatunsidf
                0x08000504                __aeabi_ui2d
                0x08000524                __floatsidf
                0x08000524                __aeabi_i2d
                0x08000548                __aeabi_f2d
                0x08000548                __extendsfdf2
                0x0800058c                __floatundidf
                0x0800058c                __aeabi_ul2d
                0x0800059c                __floatdidf
                0x0800059c                __aeabi_l2d
 .text          0x080005f8      0x424 C:/ST/STM32CubeIDE_1.19.0/STM32CubeIDE/plugins/com.st.stm32cube.ide.mcu.externaltools.gnu-tools-for-stm32.13.3.rel1.win32_1.0.0.202411081344/tools/bin/../lib/gcc/arm-none-eabi/13.3.1/thumb/v7e-m+fp/hard\libgcc.a(_arm_muldivdf3.o)
                0x080005f8                __aeabi_dmul
                0x080005f8                __muldf3
                0x0800084c                __divdf3
                0x0800084c                __aeabi_ddiv
 .text          0x08000a1c      0x110 C:/ST/STM32CubeIDE_1.19.0/STM32CubeIDE/plugins/com.st.stm32cube.ide.mcu.externaltools.gnu-tools-for-stm32.13.3.rel1.win32_1.0.0.202411081344/tools/bin/../lib/gcc/arm-none-eabi/13.3.1/thumb/v7e-m+fp/hard\libgcc.a(_arm_cmpdf2.o)
                0x08000a1c                __gtdf2
                0x08000a1c                __gedf2
                0x08000a24                __ltdf2
                0x08000a24                __ledf2
                0x08000a2c                __nedf2
                0x08000a2c                __eqdf2
                0x08000a2c                __cmpdf2
                0x08000aa8                __aeabi_cdrcmple
                0x08000ab8                __aeabi_cdcmpeq
                0x08000ab8                __aeabi_cdcmple
                0x08000ac8                __aeabi_dcmpeq
                0x08000adc                __aeabi_dcmplt
                0x08000af0                __aeabi_dcmple
                0x08000b04                __aeabi_dcmpge
                0x08000b18                __aeabi_dcmpgt
 .text          0x08000b2c       0x2c C:/ST/STM32CubeIDE_1.19.0/STM32CubeIDE/plugins/com.st.stm32cube.ide.mcu.externaltools.gnu-tools-for-stm32.13.3.rel1.win32_1.0.0.202411081344/tools/bin/../lib/gcc/arm-none-eabi/13.3.1/thumb/v7e-m+fp/hard\libgcc.a(_arm_unorddf2.o)
                0x08000b2c                __unorddf2
                0x08000b2c                __aeabi_dcmpun
 .text          0x08000b58       0x50 C:/ST/STM32CubeIDE_1.19.0/STM32CubeIDE/plugins/com.st.stm32cube.ide.mcu.externaltools.gnu-tools-for-stm32.13.3.rel1.win32_1.0.0.202411081344/tools/bin/../lib/gcc/arm-none-eabi/13.3.1/thumb/v7e-m+fp/hard\libgcc.a(_arm_fixdfsi.o)
                0x08000b58                __aeabi_d2iz
                0x08000b58                __fixdfsi
 .text          0x08000ba8       0x40 C:/ST/STM32CubeIDE_1.19.0/STM32CubeIDE/plugins/com.st.stm32cube.ide.mcu.externaltools.gnu-tools-for-stm32.13.3.rel1.win32_1.0.0.202411081344/tools/bin/../lib/gcc/arm-none-eabi/13.3.1/thumb/v7e-m+fp/hard\libgcc.a(_arm_fixunsdfsi.o)
                0x08000ba8                __aeabi_d2uiz
                0x08000ba8                __fixunsdfsi
 .text          0x08000be8       0xa0 C:/ST/STM32CubeIDE_1.19.0/STM32CubeIDE/plugins/com.st.stm32cube.ide.mcu.externaltools.gnu-tools-for-stm32.13.3.rel1.win32_1.0.0.202411081344/tools/bin/../lib/gcc/arm-none-eabi/13.3.1/thumb/v7e-m+fp/hard\libgcc.a(_arm_truncdfsf2.o)
                0x08000be8                __truncdfsf2
                0x08000be8                __aeabi_d2f
 .text          0x08000c88       0x30 C:/ST/STM32CubeIDE_1.19.0/STM32CubeIDE/plugins/com.st.stm32cube.ide.mcu.externaltools.gnu-tools-for-stm32.13.3.rel1.win32_1.0.0.202411081344/tools/bin/../lib/gcc/arm-none-eabi/13.3.1/thumb/v7e-m+fp/hard\libgcc.a(_aeabi_uldivmod.o)
                0x08000c88                __aeabi_uldivmod
 .text          0x08000cb8       0x30 C:/ST/STM32CubeIDE_1.19.0/STM32CubeIDE/plugins/com.st.stm32cube.ide.mcu.externaltools.gnu-tools-for-stm32.13.3.rel1.win32_1.0.0.202411081344/tools/bin/../lib/gcc/arm-none-eabi/13.3.1/thumb/v7e-m+fp/hard\libgcc.a(_fixdfdi.o)
                0x08000cb8                __fixdfdi
                0x08000cb8                __aeabi_d2lz
 .text          0x08000ce8       0x3c C:/ST/STM32CubeIDE_1.19.0/STM32CubeIDE/plugins/com.st.stm32cube.ide.mcu.externaltools.gnu-tools-for-stm32.13.3.rel1.win32_1.0.0.202411081344/tools/bin/../lib/gcc/arm-none-eabi/13.3.1/thumb/v7e-m+fp/hard\libgcc.a(_fixunsdfdi.o)
                0x08000ce8                __fixunsdfdi
                0x08000ce8                __aeabi_d2ulz
 .text          0x08000d24      0x2f8 C:/ST/STM32CubeIDE_1.19.0/STM32CubeIDE/plugins/com.st.stm32cube.ide.mcu.externaltools.gnu-tools-for-stm32.13.3.rel1.win32_1.0.0.202411081344/tools/bin/../lib/gcc/arm-none-eabi/13.3.1/thumb/v7e-m+fp/hard\libgcc.a(_udivmoddi4.o)
                0x08000d24                __udivmoddi4
 .text          0x0800101c        0x4 C:/ST/STM32CubeIDE_1.19.0/STM32CubeIDE/plugins/com.st.stm32cube.ide.mcu.externaltools.gnu-tools-for-stm32.13.3.rel1.win32_1.0.0.202411081344/tools/bin/../lib/gcc/arm-none-eabi/13.3.1/thumb/v7e-m+fp/hard\libgcc.a(_dvmd_tls.o)
                0x0800101c                __aeabi_idiv0
                0x0800101c                __aeabi_ldiv0
 *(.text*)
 .text.readRegister
                0x08001020       0x3e ./Core/Src/drivers/BMP280/BMP280.o
 .text.writeRegister
                0x0800105e       0x3e ./Core/Src/drivers/BMP280/BMP280.o
 .text.readCalibrationData
                0x0800109c      0x118 ./Core/Src/drivers/BMP280/BMP280.o
 .text.BMP280Init
                0x080011b4       0xae ./Core/Src/drivers/BMP280/BMP280.o
                0x080011b4                BMP280Init
 *fill*         0x08001262        0x2 
 .text.BMP280ReadData
                0x08001264      0x334 ./Core/Src/drivers/BMP280/BMP280.o
                0x08001264                BMP280ReadData
 .text.readRegister
                0x08001598       0x3a ./Core/Src/drivers/LIS2MDL/LIS2MDL.o
 .text.writeRegister
                0x080015d2       0x3a ./Core/Src/drivers/LIS2MDL/LIS2MDL.o
 .text.LIS2MDLInit
                0x0800160c       0xec ./Core/Src/drivers/LIS2MDL/LIS2MDL.o
                0x0800160c                LIS2MDLInit
 .text.LIS2MDLReadData
                0x080016f8      0x130 ./Core/Src/drivers/LIS2MDL/LIS2MDL.o
                0x080016f8                LIS2MDLReadData
 .text.i2cScanner
                0x08001828       0xe0 ./Core/Src/main.o
                0x08001828                i2cScanner
 .text.main     0x08001908      0x470 ./Core/Src/main.o
                0x08001908                main
 .text.SystemClock_Config
                0x08001d78       0xd4 ./Core/Src/main.o
                0x08001d78                SystemClock_Config
 .text.MX_ADC1_Init
                0x08001e4c       0xa4 ./Core/Src/main.o
 .text.MX_I2C1_Init
                0x08001ef0       0x5c ./Core/Src/main.o
 .text.MX_SDIO_SD_Init
                0x08001f4c       0x40 ./Core/Src/main.o
 .text.MX_SPI1_Init
                0x08001f8c       0x6c ./Core/Src/main.o
 .text.MX_SPI2_Init
                0x08001ff8       0x6c ./Core/Src/main.o
 .text.MX_TIM2_Init
                0x08002064      0x12c ./Core/Src/main.o
 .text.MX_TIM3_Init
                0x08002190      0x130 ./Core/Src/main.o
 .text.MX_USART1_UART_Init
                0x080022c0       0x54 ./Core/Src/main.o
 .text.MX_USART2_UART_Init
                0x08002314       0x54 ./Core/Src/main.o
 .text.MX_GPIO_Init
                0x08002368      0x130 ./Core/Src/main.o
 .text.Error_Handler
                0x08002498        0xc ./Core/Src/main.o
                0x08002498                Error_Handler
 .text.HAL_MspInit
                0x080024a4       0x50 ./Core/Src/stm32f4xx_hal_msp.o
                0x080024a4                HAL_MspInit
 .text.HAL_ADC_MspInit
                0x080024f4       0x88 ./Core/Src/stm32f4xx_hal_msp.o
                0x080024f4                HAL_ADC_MspInit
 .text.HAL_I2C_MspInit
                0x0800257c       0x90 ./Core/Src/stm32f4xx_hal_msp.o
                0x0800257c                HAL_I2C_MspInit
 .text.HAL_SD_MspInit
                0x0800260c       0xd0 ./Core/Src/stm32f4xx_hal_msp.o
                0x0800260c                HAL_SD_MspInit
 .text.HAL_SPI_MspInit
                0x080026dc      0x13c ./Core/Src/stm32f4xx_hal_msp.o
                0x080026dc                HAL_SPI_MspInit
 .text.HAL_TIM_Base_MspInit
                0x08002818       0x6c ./Core/Src/stm32f4xx_hal_msp.o
                0x08002818                HAL_TIM_Base_MspInit
 .text.HAL_TIM_MspPostInit
                0x08002884      0x100 ./Core/Src/stm32f4xx_hal_msp.o
                0x08002884                HAL_TIM_MspPostInit
 .text.HAL_UART_MspInit
                0x08002984       0xfc ./Core/Src/stm32f4xx_hal_msp.o
                0x08002984                HAL_UART_MspInit
 .text.NMI_Handler
                0x08002a80        0x8 ./Core/Src/stm32f4xx_it.o
                0x08002a80                NMI_Handler
 .text.HardFault_Handler
                0x08002a88        0x8 ./Core/Src/stm32f4xx_it.o
                0x08002a88                HardFault_Handler
 .text.MemManage_Handler
                0x08002a90        0x8 ./Core/Src/stm32f4xx_it.o
                0x08002a90                MemManage_Handler
 .text.BusFault_Handler
                0x08002a98        0x8 ./Core/Src/stm32f4xx_it.o
                0x08002a98                BusFault_Handler
 .text.UsageFault_Handler
                0x08002aa0        0x8 ./Core/Src/stm32f4xx_it.o
                0x08002aa0                UsageFault_Handler
 .text.SVC_Handler
                0x08002aa8        0xe ./Core/Src/stm32f4xx_it.o
                0x08002aa8                SVC_Handler
 .text.DebugMon_Handler
                0x08002ab6        0xe ./Core/Src/stm32f4xx_it.o
                0x08002ab6                DebugMon_Handler
 .text.PendSV_Handler
                0x08002ac4        0xe ./Core/Src/stm32f4xx_it.o
                0x08002ac4                PendSV_Handler
 .text.SysTick_Handler
                0x08002ad2        0xc ./Core/Src/stm32f4xx_it.o
                0x08002ad2                SysTick_Handler
 *fill*         0x08002ade        0x2 
 .text.OTG_FS_IRQHandler
                0x08002ae0       0x14 ./Core/Src/stm32f4xx_it.o
                0x08002ae0                OTG_FS_IRQHandler
 .text._getpid  0x08002af4       0x10 ./Core/Src/syscalls.o
                0x08002af4                _getpid
 .text._kill    0x08002b04       0x20 ./Core/Src/syscalls.o
                0x08002b04                _kill
 .text._exit    0x08002b24       0x16 ./Core/Src/syscalls.o
                0x08002b24                _exit
 .text._read    0x08002b3a       0x3a ./Core/Src/syscalls.o
                0x08002b3a                _read
 .text._write   0x08002b74       0x38 ./Core/Src/syscalls.o
                0x08002b74                _write
 .text._close   0x08002bac       0x18 ./Core/Src/syscalls.o
                0x08002bac                _close
 .text._fstat   0x08002bc4       0x20 ./Core/Src/syscalls.o
                0x08002bc4                _fstat
 .text._isatty  0x08002be4       0x16 ./Core/Src/syscalls.o
                0x08002be4                _isatty
 .text._lseek   0x08002bfa       0x1a ./Core/Src/syscalls.o
                0x08002bfa                _lseek
 .text._sbrk    0x08002c14       0x6c ./Core/Src/sysmem.o
                0x08002c14                _sbrk
 .text.SystemInit
                0x08002c80       0x24 ./Core/Src/system_stm32f4xx.o
                0x08002c80                SystemInit
 .text.Reset_Handler
                0x08002ca4       0x50 ./Core/Startup/startup_stm32f407vgtx.o
                0x08002ca4                Reset_Handler
 .text.Default_Handler
                0x08002cf4        0x2 ./Core/Startup/startup_stm32f407vgtx.o
                0x08002cf4                RTC_Alarm_IRQHandler
                0x08002cf4                HASH_RNG_IRQHandler
                0x08002cf4                EXTI2_IRQHandler
                0x08002cf4                TIM8_CC_IRQHandler
                0x08002cf4                TIM1_CC_IRQHandler
                0x08002cf4                DMA2_Stream5_IRQHandler
                0x08002cf4                DMA1_Stream5_IRQHandler
                0x08002cf4                PVD_IRQHandler
                0x08002cf4                SDIO_IRQHandler
                0x08002cf4                TAMP_STAMP_IRQHandler
                0x08002cf4                CAN2_RX1_IRQHandler
                0x08002cf4                EXTI3_IRQHandler
                0x08002cf4                TIM8_TRG_COM_TIM14_IRQHandler
                0x08002cf4                TIM1_UP_TIM10_IRQHandler
                0x08002cf4                TIM8_UP_TIM13_IRQHandler
                0x08002cf4                I2C3_ER_IRQHandler
                0x08002cf4                EXTI0_IRQHandler
                0x08002cf4                I2C2_EV_IRQHandler
                0x08002cf4                DMA1_Stream2_IRQHandler
                0x08002cf4                CAN1_RX0_IRQHandler
                0x08002cf4                FPU_IRQHandler
                0x08002cf4                OTG_HS_WKUP_IRQHandler
                0x08002cf4                CAN2_SCE_IRQHandler
                0x08002cf4                DMA2_Stream2_IRQHandler
                0x08002cf4                SPI1_IRQHandler
                0x08002cf4                TIM6_DAC_IRQHandler
                0x08002cf4                TIM1_BRK_TIM9_IRQHandler
                0x08002cf4                DCMI_IRQHandler
                0x08002cf4                CAN2_RX0_IRQHandler
                0x08002cf4                DMA2_Stream3_IRQHandler
                0x08002cf4                USART6_IRQHandler
                0x08002cf4                USART3_IRQHandler
                0x08002cf4                CAN1_RX1_IRQHandler
                0x08002cf4                UART5_IRQHandler
                0x08002cf4                DMA2_Stream0_IRQHandler
                0x08002cf4                TIM4_IRQHandler
                0x08002cf4                I2C1_EV_IRQHandler
                0x08002cf4                DMA1_Stream6_IRQHandler
                0x08002cf4                DMA1_Stream1_IRQHandler
                0x08002cf4                UART4_IRQHandler
                0x08002cf4                TIM3_IRQHandler
                0x08002cf4                RCC_IRQHandler
                0x08002cf4                TIM8_BRK_TIM12_IRQHandler
                0x08002cf4                Default_Handler
                0x08002cf4                EXTI15_10_IRQHandler
                0x08002cf4                ADC_IRQHandler
                0x08002cf4                DMA1_Stream7_IRQHandler
                0x08002cf4                TIM7_IRQHandler
                0x08002cf4                CAN2_TX_IRQHandler
                0x08002cf4                TIM5_IRQHandler
                0x08002cf4                DMA2_Stream7_IRQHandler
                0x08002cf4                I2C3_EV_IRQHandler
                0x08002cf4                EXTI9_5_IRQHandler
                0x08002cf4                RTC_WKUP_IRQHandler
                0x08002cf4                ETH_WKUP_IRQHandler
                0x08002cf4                SPI2_IRQHandler
                0x08002cf4                OTG_HS_EP1_IN_IRQHandler
                0x08002cf4                DMA1_Stream0_IRQHandler
                0x08002cf4                CAN1_TX_IRQHandler
                0x08002cf4                EXTI4_IRQHandler
                0x08002cf4                FSMC_IRQHandler
                0x08002cf4                ETH_IRQHandler
                0x08002cf4                OTG_HS_EP1_OUT_IRQHandler
                0x08002cf4                WWDG_IRQHandler
                0x08002cf4                TIM2_IRQHandler
                0x08002cf4                OTG_FS_WKUP_IRQHandler
                0x08002cf4                TIM1_TRG_COM_TIM11_IRQHandler
                0x08002cf4                OTG_HS_IRQHandler
                0x08002cf4                EXTI1_IRQHandler
                0x08002cf4                USART2_IRQHandler
                0x08002cf4                I2C2_ER_IRQHandler
                0x08002cf4                DMA2_Stream1_IRQHandler
                0x08002cf4                CAN1_SCE_IRQHandler
                0x08002cf4                FLASH_IRQHandler
                0x08002cf4                DMA2_Stream4_IRQHandler
                0x08002cf4                USART1_IRQHandler
                0x08002cf4                SPI3_IRQHandler
                0x08002cf4                DMA1_Stream4_IRQHandler
                0x08002cf4                I2C1_ER_IRQHandler
                0x08002cf4                DMA2_Stream6_IRQHandler
                0x08002cf4                DMA1_Stream3_IRQHandler
 *fill*         0x08002cf6        0x2 
 .text.HAL_Init
                0x08002cf8       0x44 ./Drivers/STM32F4xx_HAL_Driver/Src/stm32f4xx_hal.o
                0x08002cf8                HAL_Init
 .text.HAL_InitTick
                0x08002d3c       0x60 ./Drivers/STM32F4xx_HAL_Driver/Src/stm32f4xx_hal.o
                0x08002d3c                HAL_InitTick
 .text.HAL_IncTick
                0x08002d9c       0x28 ./Drivers/STM32F4xx_HAL_Driver/Src/stm32f4xx_hal.o
                0x08002d9c                HAL_IncTick
 .text.HAL_GetTick
                0x08002dc4       0x18 ./Drivers/STM32F4xx_HAL_Driver/Src/stm32f4xx_hal.o
                0x08002dc4                HAL_GetTick
 .text.HAL_Delay
                0x08002ddc       0x48 ./Drivers/STM32F4xx_HAL_Driver/Src/stm32f4xx_hal.o
                0x08002ddc                HAL_Delay
 .text.HAL_ADC_Init
                0x08002e24       0x86 ./Drivers/STM32F4xx_HAL_Driver/Src/stm32f4xx_hal_adc.o
                0x08002e24                HAL_ADC_Init
 *fill*         0x08002eaa        0x2 
 .text.HAL_ADC_ConfigChannel
                0x08002eac      0x244 ./Drivers/STM32F4xx_HAL_Driver/Src/stm32f4xx_hal_adc.o
                0x08002eac                HAL_ADC_ConfigChannel
 .text.ADC_Init
                0x080030f0      0x1f8 ./Drivers/STM32F4xx_HAL_Driver/Src/stm32f4xx_hal_adc.o
 .text.__NVIC_SetPriorityGrouping
                0x080032e8       0x48 ./Drivers/STM32F4xx_HAL_Driver/Src/stm32f4xx_hal_cortex.o
 .text.__NVIC_GetPriorityGrouping
                0x08003330       0x1c ./Drivers/STM32F4xx_HAL_Driver/Src/stm32f4xx_hal_cortex.o
 .text.__NVIC_EnableIRQ
                0x0800334c       0x3c ./Drivers/STM32F4xx_HAL_Driver/Src/stm32f4xx_hal_cortex.o
 .text.__NVIC_SetPriority
                0x08003388       0x54 ./Drivers/STM32F4xx_HAL_Driver/Src/stm32f4xx_hal_cortex.o
 .text.NVIC_EncodePriority
                0x080033dc       0x66 ./Drivers/STM32F4xx_HAL_Driver/Src/stm32f4xx_hal_cortex.o
 *fill*         0x08003442        0x2 
 .text.SysTick_Config
                0x08003444       0x44 ./Drivers/STM32F4xx_HAL_Driver/Src/stm32f4xx_hal_cortex.o
 .text.HAL_NVIC_SetPriorityGrouping
                0x08003488       0x16 ./Drivers/STM32F4xx_HAL_Driver/Src/stm32f4xx_hal_cortex.o
                0x08003488                HAL_NVIC_SetPriorityGrouping
 .text.HAL_NVIC_SetPriority
                0x0800349e       0x38 ./Drivers/STM32F4xx_HAL_Driver/Src/stm32f4xx_hal_cortex.o
                0x0800349e                HAL_NVIC_SetPriority
 .text.HAL_NVIC_EnableIRQ
                0x080034d6       0x1c ./Drivers/STM32F4xx_HAL_Driver/Src/stm32f4xx_hal_cortex.o
                0x080034d6                HAL_NVIC_EnableIRQ
 .text.HAL_SYSTICK_Config
                0x080034f2       0x18 ./Drivers/STM32F4xx_HAL_Driver/Src/stm32f4xx_hal_cortex.o
                0x080034f2                HAL_SYSTICK_Config
 *fill*         0x0800350a        0x2 
 .text.HAL_GPIO_Init
                0x0800350c      0x338 ./Drivers/STM32F4xx_HAL_Driver/Src/stm32f4xx_hal_gpio.o
                0x0800350c                HAL_GPIO_Init
 .text.HAL_GPIO_ReadPin
                0x08003844       0x30 ./Drivers/STM32F4xx_HAL_Driver/Src/stm32f4xx_hal_gpio.o
                0x08003844                HAL_GPIO_ReadPin
 .text.HAL_GPIO_WritePin
                0x08003874       0x32 ./Drivers/STM32F4xx_HAL_Driver/Src/stm32f4xx_hal_gpio.o
                0x08003874                HAL_GPIO_WritePin
 .text.HAL_GPIO_TogglePin
                0x080038a6       0x34 ./Drivers/STM32F4xx_HAL_Driver/Src/stm32f4xx_hal_gpio.o
                0x080038a6                HAL_GPIO_TogglePin
 *fill*         0x080038da        0x2 
 .text.HAL_I2C_Init
                0x080038dc      0x288 ./Drivers/STM32F4xx_HAL_Driver/Src/stm32f4xx_hal_i2c.o
                0x080038dc                HAL_I2C_Init
 .text.HAL_I2C_Mem_Write
                0x08003b64      0x1f4 ./Drivers/STM32F4xx_HAL_Driver/Src/stm32f4xx_hal_i2c.o
                0x08003b64                HAL_I2C_Mem_Write
 .text.HAL_I2C_Mem_Read
                0x08003d58      0x464 ./Drivers/STM32F4xx_HAL_Driver/Src/stm32f4xx_hal_i2c.o
                0x08003d58                HAL_I2C_Mem_Read
 .text.HAL_I2C_IsDeviceReady
                0x080041bc      0x25c ./Drivers/STM32F4xx_HAL_Driver/Src/stm32f4xx_hal_i2c.o
                0x080041bc                HAL_I2C_IsDeviceReady
 .text.I2C_RequestMemoryWrite
                0x08004418      0x12c ./Drivers/STM32F4xx_HAL_Driver/Src/stm32f4xx_hal_i2c.o
 .text.I2C_RequestMemoryRead
                0x08004544      0x1d0 ./Drivers/STM32F4xx_HAL_Driver/Src/stm32f4xx_hal_i2c.o
 .text.I2C_WaitOnFlagUntilTimeout
                0x08004714       0xf4 ./Drivers/STM32F4xx_HAL_Driver/Src/stm32f4xx_hal_i2c.o
 .text.I2C_WaitOnMasterAddressFlagUntilTimeout
                0x08004808      0x140 ./Drivers/STM32F4xx_HAL_Driver/Src/stm32f4xx_hal_i2c.o
 .text.I2C_WaitOnTXEFlagUntilTimeout
                0x08004948       0x90 ./Drivers/STM32F4xx_HAL_Driver/Src/stm32f4xx_hal_i2c.o
 .text.I2C_WaitOnBTFFlagUntilTimeout
                0x080049d8       0x90 ./Drivers/STM32F4xx_HAL_Driver/Src/stm32f4xx_hal_i2c.o
 .text.I2C_WaitOnRXNEFlagUntilTimeout
                0x08004a68       0xba ./Drivers/STM32F4xx_HAL_Driver/Src/stm32f4xx_hal_i2c.o
 .text.I2C_IsAcknowledgeFailed
                0x08004b22       0x5e ./Drivers/STM32F4xx_HAL_Driver/Src/stm32f4xx_hal_i2c.o
 .text.HAL_PCD_Init
                0x08004b80      0x21e ./Drivers/STM32F4xx_HAL_Driver/Src/stm32f4xx_hal_pcd.o
                0x08004b80                HAL_PCD_Init
 .text.HAL_PCD_Start
                0x08004d9e       0x6a ./Drivers/STM32F4xx_HAL_Driver/Src/stm32f4xx_hal_pcd.o
                0x08004d9e                HAL_PCD_Start
 .text.HAL_PCD_IRQHandler
                0x08004e08      0x942 ./Drivers/STM32F4xx_HAL_Driver/Src/stm32f4xx_hal_pcd.o
                0x08004e08                HAL_PCD_IRQHandler
 .text.HAL_PCD_SetAddress
                0x0800574a       0x48 ./Drivers/STM32F4xx_HAL_Driver/Src/stm32f4xx_hal_pcd.o
                0x0800574a                HAL_PCD_SetAddress
 .text.HAL_PCD_EP_Open
                0x08005792       0xd4 ./Drivers/STM32F4xx_HAL_Driver/Src/stm32f4xx_hal_pcd.o
                0x08005792                HAL_PCD_EP_Open
 .text.HAL_PCD_EP_Close
                0x08005866       0x94 ./Drivers/STM32F4xx_HAL_Driver/Src/stm32f4xx_hal_pcd.o
                0x08005866                HAL_PCD_EP_Close
 .text.HAL_PCD_EP_Receive
                0x080058fa       0x76 ./Drivers/STM32F4xx_HAL_Driver/Src/stm32f4xx_hal_pcd.o
                0x080058fa                HAL_PCD_EP_Receive
 .text.HAL_PCD_EP_GetRxCount
                0x08005970       0x30 ./Drivers/STM32F4xx_HAL_Driver/Src/stm32f4xx_hal_pcd.o
                0x08005970                HAL_PCD_EP_GetRxCount
 .text.HAL_PCD_EP_Transmit
                0x080059a0       0x74 ./Drivers/STM32F4xx_HAL_Driver/Src/stm32f4xx_hal_pcd.o
                0x080059a0                HAL_PCD_EP_Transmit
 .text.HAL_PCD_EP_SetStall
                0x08005a14       0xc6 ./Drivers/STM32F4xx_HAL_Driver/Src/stm32f4xx_hal_pcd.o
                0x08005a14                HAL_PCD_EP_SetStall
 .text.HAL_PCD_EP_ClrStall
                0x08005ada       0xac ./Drivers/STM32F4xx_HAL_Driver/Src/stm32f4xx_hal_pcd.o
                0x08005ada                HAL_PCD_EP_ClrStall
 .text.HAL_PCD_EP_Abort
                0x08005b86       0x62 ./Drivers/STM32F4xx_HAL_Driver/Src/stm32f4xx_hal_pcd.o
                0x08005b86                HAL_PCD_EP_Abort
 .text.PCD_WriteEmptyTxFifo
                0x08005be8      0x118 ./Drivers/STM32F4xx_HAL_Driver/Src/stm32f4xx_hal_pcd.o
 .text.PCD_EP_OutXfrComplete_int
                0x08005d00      0x1d0 ./Drivers/STM32F4xx_HAL_Driver/Src/stm32f4xx_hal_pcd.o
 .text.PCD_EP_OutSetupPacket_int
                0x08005ed0       0x8c ./Drivers/STM32F4xx_HAL_Driver/Src/stm32f4xx_hal_pcd.o
 .text.HAL_PCDEx_SetTxFiFo
                0x08005f5c       0x8e ./Drivers/STM32F4xx_HAL_Driver/Src/stm32f4xx_hal_pcd_ex.o
                0x08005f5c                HAL_PCDEx_SetTxFiFo
 .text.HAL_PCDEx_SetRxFiFo
                0x08005fea       0x22 ./Drivers/STM32F4xx_HAL_Driver/Src/stm32f4xx_hal_pcd_ex.o
                0x08005fea                HAL_PCDEx_SetRxFiFo
 .text.HAL_PCDEx_LPM_Callback
                0x0800600c       0x18 ./Drivers/STM32F4xx_HAL_Driver/Src/stm32f4xx_hal_pcd_ex.o
                0x0800600c                HAL_PCDEx_LPM_Callback
 .text.HAL_RCC_OscConfig
                0x08006024      0x4f0 ./Drivers/STM32F4xx_HAL_Driver/Src/stm32f4xx_hal_rcc.o
                0x08006024                HAL_RCC_OscConfig
 .text.HAL_RCC_ClockConfig
                0x08006514      0x1cc ./Drivers/STM32F4xx_HAL_Driver/Src/stm32f4xx_hal_rcc.o
                0x08006514                HAL_RCC_ClockConfig
 .text.HAL_RCC_GetSysClockFreq
                0x080066e0      0x18c ./Drivers/STM32F4xx_HAL_Driver/Src/stm32f4xx_hal_rcc.o
                0x080066e0                HAL_RCC_GetSysClockFreq
 .text.HAL_RCC_GetHCLKFreq
                0x0800686c       0x18 ./Drivers/STM32F4xx_HAL_Driver/Src/stm32f4xx_hal_rcc.o
                0x0800686c                HAL_RCC_GetHCLKFreq
 .text.HAL_RCC_GetPCLK1Freq
                0x08006884       0x28 ./Drivers/STM32F4xx_HAL_Driver/Src/stm32f4xx_hal_rcc.o
                0x08006884                HAL_RCC_GetPCLK1Freq
 .text.HAL_RCC_GetPCLK2Freq
                0x080068ac       0x28 ./Drivers/STM32F4xx_HAL_Driver/Src/stm32f4xx_hal_rcc.o
                0x080068ac                HAL_RCC_GetPCLK2Freq
 .text.HAL_SD_Init
                0x080068d4       0x60 ./Drivers/STM32F4xx_HAL_Driver/Src/stm32f4xx_hal_sd.o
                0x080068d4                HAL_SD_Init
 .text.HAL_SD_InitCard
                0x08006934       0xf0 ./Drivers/STM32F4xx_HAL_Driver/Src/stm32f4xx_hal_sd.o
                0x08006934                HAL_SD_InitCard
 .text.HAL_SD_ReadBlocks
                0x08006a24      0x3cc ./Drivers/STM32F4xx_HAL_Driver/Src/stm32f4xx_hal_sd.o
                0x08006a24                HAL_SD_ReadBlocks
 .text.HAL_SD_WriteBlocks
                0x08006df0      0x31c ./Drivers/STM32F4xx_HAL_Driver/Src/stm32f4xx_hal_sd.o
                0x08006df0                HAL_SD_WriteBlocks
 .text.HAL_SD_GetCardCSD
                0x0800710c      0x348 ./Drivers/STM32F4xx_HAL_Driver/Src/stm32f4xx_hal_sd.o
                0x0800710c                HAL_SD_GetCardCSD
 .text.HAL_SD_GetCardInfo
                0x08007454       0x58 ./Drivers/STM32F4xx_HAL_Driver/Src/stm32f4xx_hal_sd.o
                0x08007454                HAL_SD_GetCardInfo
 .text.HAL_SD_ConfigWideBusOperation
                0x080074ac      0x134 ./Drivers/STM32F4xx_HAL_Driver/Src/stm32f4xx_hal_sd.o
                0x080074ac                HAL_SD_ConfigWideBusOperation
 .text.HAL_SD_GetCardState
                0x080075e0       0x40 ./Drivers/STM32F4xx_HAL_Driver/Src/stm32f4xx_hal_sd.o
                0x080075e0                HAL_SD_GetCardState
 .text.SD_InitCard
                0x08007620      0x19c ./Drivers/STM32F4xx_HAL_Driver/Src/stm32f4xx_hal_sd.o
 .text.SD_PowerON
                0x080077bc      0x11c ./Drivers/STM32F4xx_HAL_Driver/Src/stm32f4xx_hal_sd.o
 .text.SD_SendStatus
                0x080078d8       0x50 ./Drivers/STM32F4xx_HAL_Driver/Src/stm32f4xx_hal_sd.o
 .text.SD_WideBus_Enable
                0x08007928       0x96 ./Drivers/STM32F4xx_HAL_Driver/Src/stm32f4xx_hal_sd.o
 .text.SD_WideBus_Disable
                0x080079be       0x96 ./Drivers/STM32F4xx_HAL_Driver/Src/stm32f4xx_hal_sd.o
 .text.SD_FindSCR
                0x08007a54      0x1b4 ./Drivers/STM32F4xx_HAL_Driver/Src/stm32f4xx_hal_sd.o
 .text.HAL_SPI_Init
                0x08007c08      0x112 ./Drivers/STM32F4xx_HAL_Driver/Src/stm32f4xx_hal_spi.o
                0x08007c08                HAL_SPI_Init
 .text.HAL_TIM_Base_Init
                0x08007d1a       0x9e ./Drivers/STM32F4xx_HAL_Driver/Src/stm32f4xx_hal_tim.o
                0x08007d1a                HAL_TIM_Base_Init
 .text.HAL_TIM_PWM_Init
                0x08007db8       0x9e ./Drivers/STM32F4xx_HAL_Driver/Src/stm32f4xx_hal_tim.o
                0x08007db8                HAL_TIM_PWM_Init
 .text.HAL_TIM_PWM_MspInit
                0x08007e56       0x14 ./Drivers/STM32F4xx_HAL_Driver/Src/stm32f4xx_hal_tim.o
                0x08007e56                HAL_TIM_PWM_MspInit
 *fill*         0x08007e6a        0x2 
 .text.HAL_TIM_PWM_ConfigChannel
                0x08007e6c      0x184 ./Drivers/STM32F4xx_HAL_Driver/Src/stm32f4xx_hal_tim.o
                0x08007e6c                HAL_TIM_PWM_ConfigChannel
 .text.HAL_TIM_ConfigClockSource
                0x08007ff0      0x18e ./Drivers/STM32F4xx_HAL_Driver/Src/stm32f4xx_hal_tim.o
                0x08007ff0                HAL_TIM_ConfigClockSource
 *fill*         0x0800817e        0x2 
 .text.TIM_Base_SetConfig
                0x08008180      0x14c ./Drivers/STM32F4xx_HAL_Driver/Src/stm32f4xx_hal_tim.o
                0x08008180                TIM_Base_SetConfig
 .text.TIM_OC1_SetConfig
                0x080082cc       0xe0 ./Drivers/STM32F4xx_HAL_Driver/Src/stm32f4xx_hal_tim.o
 .text.TIM_OC2_SetConfig
                0x080083ac       0xec ./Drivers/STM32F4xx_HAL_Driver/Src/stm32f4xx_hal_tim.o
                0x080083ac                TIM_OC2_SetConfig
 .text.TIM_OC3_SetConfig
                0x08008498       0xe8 ./Drivers/STM32F4xx_HAL_Driver/Src/stm32f4xx_hal_tim.o
 .text.TIM_OC4_SetConfig
                0x08008580       0xac ./Drivers/STM32F4xx_HAL_Driver/Src/stm32f4xx_hal_tim.o
 .text.TIM_TI1_ConfigInputStage
                0x0800862c       0x5e ./Drivers/STM32F4xx_HAL_Driver/Src/stm32f4xx_hal_tim.o
 .text.TIM_TI2_ConfigInputStage
                0x0800868a       0x60 ./Drivers/STM32F4xx_HAL_Driver/Src/stm32f4xx_hal_tim.o
 .text.TIM_ITRx_SetConfig
                0x080086ea       0x36 ./Drivers/STM32F4xx_HAL_Driver/Src/stm32f4xx_hal_tim.o
 .text.TIM_ETR_SetConfig
                0x08008720       0x40 ./Drivers/STM32F4xx_HAL_Driver/Src/stm32f4xx_hal_tim.o
                0x08008720                TIM_ETR_SetConfig
 .text.HAL_TIMEx_MasterConfigSynchronization
                0x08008760       0xf8 ./Drivers/STM32F4xx_HAL_Driver/Src/stm32f4xx_hal_tim_ex.o
                0x08008760                HAL_TIMEx_MasterConfigSynchronization
 .text.HAL_UART_Init
                0x08008858       0xa0 ./Drivers/STM32F4xx_HAL_Driver/Src/stm32f4xx_hal_uart.o
                0x08008858                HAL_UART_Init
 .text.HAL_UART_Transmit
                0x080088f8      0x116 ./Drivers/STM32F4xx_HAL_Driver/Src/stm32f4xx_hal_uart.o
                0x080088f8                HAL_UART_Transmit
 .text.UART_WaitOnFlagUntilTimeout
                0x08008a0e       0xb2 ./Drivers/STM32F4xx_HAL_Driver/Src/stm32f4xx_hal_uart.o
 .text.UART_EndRxTransfer
                0x08008ac0       0xc6 ./Drivers/STM32F4xx_HAL_Driver/Src/stm32f4xx_hal_uart.o
 *fill*         0x08008b86        0x2 
 .text.UART_SetConfig
                0x08008b88      0x4e8 ./Drivers/STM32F4xx_HAL_Driver/Src/stm32f4xx_hal_uart.o
 .text.SDIO_Init
                0x08009070       0x56 ./Drivers/STM32F4xx_HAL_Driver/Src/stm32f4xx_ll_sdmmc.o
                0x08009070                SDIO_Init
 .text.SDIO_ReadFIFO
                0x080090c6       0x1a ./Drivers/STM32F4xx_HAL_Driver/Src/stm32f4xx_ll_sdmmc.o
                0x080090c6                SDIO_ReadFIFO
 .text.SDIO_WriteFIFO
                0x080090e0       0x22 ./Drivers/STM32F4xx_HAL_Driver/Src/stm32f4xx_ll_sdmmc.o
                0x080090e0                SDIO_WriteFIFO
 .text.SDIO_PowerState_ON
                0x08009102       0x1c ./Drivers/STM32F4xx_HAL_Driver/Src/stm32f4xx_ll_sdmmc.o
                0x08009102                SDIO_PowerState_ON
 .text.SDIO_GetPowerState
                0x0800911e       0x1c ./Drivers/STM32F4xx_HAL_Driver/Src/stm32f4xx_ll_sdmmc.o
                0x0800911e                SDIO_GetPowerState
 .text.SDIO_SendCommand
                0x0800913a       0x54 ./Drivers/STM32F4xx_HAL_Driver/Src/stm32f4xx_ll_sdmmc.o
                0x0800913a                SDIO_SendCommand
 .text.SDIO_GetCommandResponse
                0x0800918e       0x1a ./Drivers/STM32F4xx_HAL_Driver/Src/stm32f4xx_ll_sdmmc.o
                0x0800918e                SDIO_GetCommandResponse
 .text.SDIO_GetResponse
                0x080091a8       0x26 ./Drivers/STM32F4xx_HAL_Driver/Src/stm32f4xx_ll_sdmmc.o
                0x080091a8                SDIO_GetResponse
 .text.SDIO_ConfigData
                0x080091ce       0x58 ./Drivers/STM32F4xx_HAL_Driver/Src/stm32f4xx_ll_sdmmc.o
                0x080091ce                SDIO_ConfigData
 .text.SDMMC_CmdBlockLength
                0x08009226       0x44 ./Drivers/STM32F4xx_HAL_Driver/Src/stm32f4xx_ll_sdmmc.o
                0x08009226                SDMMC_CmdBlockLength
 .text.SDMMC_CmdReadSingleBlock
                0x0800926a       0x44 ./Drivers/STM32F4xx_HAL_Driver/Src/stm32f4xx_ll_sdmmc.o
                0x0800926a                SDMMC_CmdReadSingleBlock
 .text.SDMMC_CmdReadMultiBlock
                0x080092ae       0x44 ./Drivers/STM32F4xx_HAL_Driver/Src/stm32f4xx_ll_sdmmc.o
                0x080092ae                SDMMC_CmdReadMultiBlock
 .text.SDMMC_CmdWriteSingleBlock
                0x080092f2       0x44 ./Drivers/STM32F4xx_HAL_Driver/Src/stm32f4xx_ll_sdmmc.o
                0x080092f2                SDMMC_CmdWriteSingleBlock
 .text.SDMMC_CmdWriteMultiBlock
                0x08009336       0x44 ./Drivers/STM32F4xx_HAL_Driver/Src/stm32f4xx_ll_sdmmc.o
                0x08009336                SDMMC_CmdWriteMultiBlock
 *fill*         0x0800937a        0x2 
 .text.SDMMC_CmdStopTransfer
                0x0800937c       0x44 ./Drivers/STM32F4xx_HAL_Driver/Src/stm32f4xx_ll_sdmmc.o
                0x0800937c                SDMMC_CmdStopTransfer
 .text.SDMMC_CmdSelDesel
                0x080093c0       0x46 ./Drivers/STM32F4xx_HAL_Driver/Src/stm32f4xx_ll_sdmmc.o
                0x080093c0                SDMMC_CmdSelDesel
 .text.SDMMC_CmdGoIdleState
                0x08009406       0x3c ./Drivers/STM32F4xx_HAL_Driver/Src/stm32f4xx_ll_sdmmc.o
                0x08009406                SDMMC_CmdGoIdleState
 .text.SDMMC_CmdOperCond
                0x08009442       0x3e ./Drivers/STM32F4xx_HAL_Driver/Src/stm32f4xx_ll_sdmmc.o
                0x08009442                SDMMC_CmdOperCond
 .text.SDMMC_CmdAppCommand
                0x08009480       0x44 ./Drivers/STM32F4xx_HAL_Driver/Src/stm32f4xx_ll_sdmmc.o
                0x08009480                SDMMC_CmdAppCommand
 .text.SDMMC_CmdAppOperCommand
                0x080094c4       0x46 ./Drivers/STM32F4xx_HAL_Driver/Src/stm32f4xx_ll_sdmmc.o
                0x080094c4                SDMMC_CmdAppOperCommand
 .text.SDMMC_CmdBusWidth
                0x0800950a       0x44 ./Drivers/STM32F4xx_HAL_Driver/Src/stm32f4xx_ll_sdmmc.o
                0x0800950a                SDMMC_CmdBusWidth
 .text.SDMMC_CmdSendSCR
                0x0800954e       0x42 ./Drivers/STM32F4xx_HAL_Driver/Src/stm32f4xx_ll_sdmmc.o
                0x0800954e                SDMMC_CmdSendSCR
 .text.SDMMC_CmdSendCID
                0x08009590       0x3c ./Drivers/STM32F4xx_HAL_Driver/Src/stm32f4xx_ll_sdmmc.o
                0x08009590                SDMMC_CmdSendCID
 .text.SDMMC_CmdSendCSD
                0x080095cc       0x3e ./Drivers/STM32F4xx_HAL_Driver/Src/stm32f4xx_ll_sdmmc.o
                0x080095cc                SDMMC_CmdSendCSD
 .text.SDMMC_CmdSetRelAdd
                0x0800960a       0x42 ./Drivers/STM32F4xx_HAL_Driver/Src/stm32f4xx_ll_sdmmc.o
                0x0800960a                SDMMC_CmdSetRelAdd
 .text.SDMMC_CmdSendStatus
                0x0800964c       0x44 ./Drivers/STM32F4xx_HAL_Driver/Src/stm32f4xx_ll_sdmmc.o
                0x0800964c                SDMMC_CmdSendStatus
 .text.SDMMC_GetCmdResp1
                0x08009690      0x1dc ./Drivers/STM32F4xx_HAL_Driver/Src/stm32f4xx_ll_sdmmc.o
                0x08009690                SDMMC_GetCmdResp1
 .text.SDMMC_GetCmdResp2
                0x0800986c       0x90 ./Drivers/STM32F4xx_HAL_Driver/Src/stm32f4xx_ll_sdmmc.o
                0x0800986c                SDMMC_GetCmdResp2
 .text.SDMMC_GetCmdResp3
                0x080098fc       0x7c ./Drivers/STM32F4xx_HAL_Driver/Src/stm32f4xx_ll_sdmmc.o
                0x080098fc                SDMMC_GetCmdResp3
 .text.SDMMC_GetCmdResp6
                0x08009978       0xec ./Drivers/STM32F4xx_HAL_Driver/Src/stm32f4xx_ll_sdmmc.o
                0x08009978                SDMMC_GetCmdResp6
 .text.SDMMC_GetCmdResp7
                0x08009a64       0x9c ./Drivers/STM32F4xx_HAL_Driver/Src/stm32f4xx_ll_sdmmc.o
                0x08009a64                SDMMC_GetCmdResp7
 .text.SDMMC_GetCmdError
                0x08009b00       0x58 ./Drivers/STM32F4xx_HAL_Driver/Src/stm32f4xx_ll_sdmmc.o
 .text.USB_CoreInit
                0x08009b58       0xc8 ./Drivers/STM32F4xx_HAL_Driver/Src/stm32f4xx_ll_usb.o
                0x08009b58                USB_CoreInit
 .text.USB_SetTurnaroundTime
                0x08009c20      0x144 ./Drivers/STM32F4xx_HAL_Driver/Src/stm32f4xx_ll_usb.o
                0x08009c20                USB_SetTurnaroundTime
 .text.USB_EnableGlobalInt
                0x08009d64       0x22 ./Drivers/STM32F4xx_HAL_Driver/Src/stm32f4xx_ll_usb.o
                0x08009d64                USB_EnableGlobalInt
 .text.USB_DisableGlobalInt
                0x08009d86       0x22 ./Drivers/STM32F4xx_HAL_Driver/Src/stm32f4xx_ll_usb.o
                0x08009d86                USB_DisableGlobalInt
 .text.USB_SetCurrentMode
                0x08009da8       0x98 ./Drivers/STM32F4xx_HAL_Driver/Src/stm32f4xx_ll_usb.o
                0x08009da8                USB_SetCurrentMode
 .text.USB_DevInit
                0x08009e40      0x2c8 ./Drivers/STM32F4xx_HAL_Driver/Src/stm32f4xx_ll_usb.o
                0x08009e40                USB_DevInit
 .text.USB_FlushTxFifo
                0x0800a108       0x64 ./Drivers/STM32F4xx_HAL_Driver/Src/stm32f4xx_ll_usb.o
                0x0800a108                USB_FlushTxFifo
 .text.USB_FlushRxFifo
                0x0800a16c       0x5c ./Drivers/STM32F4xx_HAL_Driver/Src/stm32f4xx_ll_usb.o
                0x0800a16c                USB_FlushRxFifo
 .text.USB_SetDevSpeed
                0x0800a1c8       0x32 ./Drivers/STM32F4xx_HAL_Driver/Src/stm32f4xx_ll_usb.o
                0x0800a1c8                USB_SetDevSpeed
 .text.USB_GetDevSpeed
                0x0800a1fa       0x4a ./Drivers/STM32F4xx_HAL_Driver/Src/stm32f4xx_ll_usb.o
                0x0800a1fa                USB_GetDevSpeed
 .text.USB_ActivateEndpoint
                0x0800a244      0x10e ./Drivers/STM32F4xx_HAL_Driver/Src/stm32f4xx_ll_usb.o
                0x0800a244                USB_ActivateEndpoint
 *fill*         0x0800a352        0x2 
 .text.USB_DeactivateEndpoint
                0x0800a354      0x1b8 ./Drivers/STM32F4xx_HAL_Driver/Src/stm32f4xx_ll_usb.o
                0x0800a354                USB_DeactivateEndpoint
 .text.USB_EPStartXfer
                0x0800a50c      0x53c ./Drivers/STM32F4xx_HAL_Driver/Src/stm32f4xx_ll_usb.o
                0x0800a50c                USB_EPStartXfer
 .text.USB_EPStopXfer
                0x0800aa48      0x154 ./Drivers/STM32F4xx_HAL_Driver/Src/stm32f4xx_ll_usb.o
                0x0800aa48                USB_EPStopXfer
 .text.USB_WritePacket
                0x0800ab9c       0x7c ./Drivers/STM32F4xx_HAL_Driver/Src/stm32f4xx_ll_usb.o
                0x0800ab9c                USB_WritePacket
 .text.USB_ReadPacket
                0x0800ac18       0xb0 ./Drivers/STM32F4xx_HAL_Driver/Src/stm32f4xx_ll_usb.o
                0x0800ac18                USB_ReadPacket
 .text.USB_EPSetStall
                0x0800acc8       0xdc ./Drivers/STM32F4xx_HAL_Driver/Src/stm32f4xx_ll_usb.o
                0x0800acc8                USB_EPSetStall
 .text.USB_EPClearStall
                0x0800ada4       0xcc ./Drivers/STM32F4xx_HAL_Driver/Src/stm32f4xx_ll_usb.o
                0x0800ada4                USB_EPClearStall
 .text.USB_SetDevAddress
                0x0800ae70       0x4c ./Drivers/STM32F4xx_HAL_Driver/Src/stm32f4xx_ll_usb.o
                0x0800ae70                USB_SetDevAddress
 .text.USB_DevConnect
                0x0800aebc       0x42 ./Drivers/STM32F4xx_HAL_Driver/Src/stm32f4xx_ll_usb.o
                0x0800aebc                USB_DevConnect
 .text.USB_DevDisconnect
                0x0800aefe       0x42 ./Drivers/STM32F4xx_HAL_Driver/Src/stm32f4xx_ll_usb.o
                0x0800aefe                USB_DevDisconnect
 .text.USB_ReadInterrupts
                0x0800af40       0x26 ./Drivers/STM32F4xx_HAL_Driver/Src/stm32f4xx_ll_usb.o
                0x0800af40                USB_ReadInterrupts
 .text.USB_ReadDevAllOutEpInterrupt
                0x0800af66       0x34 ./Drivers/STM32F4xx_HAL_Driver/Src/stm32f4xx_ll_usb.o
                0x0800af66                USB_ReadDevAllOutEpInterrupt
 .text.USB_ReadDevAllInEpInterrupt
                0x0800af9a       0x34 ./Drivers/STM32F4xx_HAL_Driver/Src/stm32f4xx_ll_usb.o
                0x0800af9a                USB_ReadDevAllInEpInterrupt
 .text.USB_ReadDevOutEPInterrupt
                0x0800afce       0x3c ./Drivers/STM32F4xx_HAL_Driver/Src/stm32f4xx_ll_usb.o
                0x0800afce                USB_ReadDevOutEPInterrupt
 .text.USB_ReadDevInEPInterrupt
                0x0800b00a       0x5c ./Drivers/STM32F4xx_HAL_Driver/Src/stm32f4xx_ll_usb.o
                0x0800b00a                USB_ReadDevInEPInterrupt
 .text.USB_GetMode
                0x0800b066       0x1c ./Drivers/STM32F4xx_HAL_Driver/Src/stm32f4xx_ll_usb.o
                0x0800b066                USB_GetMode
 .text.USB_ActivateSetup
                0x0800b082       0x46 ./Drivers/STM32F4xx_HAL_Driver/Src/stm32f4xx_ll_usb.o
                0x0800b082                USB_ActivateSetup
 .text.USB_EP0_OutStart
                0x0800b0c8       0xbc ./Drivers/STM32F4xx_HAL_Driver/Src/stm32f4xx_ll_usb.o
                0x0800b0c8                USB_EP0_OutStart
 .text.USB_CoreReset
                0x0800b184       0x70 ./Drivers/STM32F4xx_HAL_Driver/Src/stm32f4xx_ll_usb.o
 .text.MX_FATFS_Init
                0x0800b1f4       0x24 ./FATFS/App/fatfs.o
                0x0800b1f4                MX_FATFS_Init
 .text.get_fattime
                0x0800b218       0x10 ./FATFS/App/fatfs.o
                0x0800b218                get_fattime
 .text.BSP_SD_Init
                0x0800b228       0x4c ./FATFS/Target/bsp_driver_sd.o
                0x0800b228                BSP_SD_Init
 .text.BSP_SD_ReadBlocks
                0x0800b274       0x3c ./FATFS/Target/bsp_driver_sd.o
                0x0800b274                BSP_SD_ReadBlocks
 .text.BSP_SD_WriteBlocks
                0x0800b2b0       0x3c ./FATFS/Target/bsp_driver_sd.o
                0x0800b2b0                BSP_SD_WriteBlocks
 .text.BSP_SD_GetCardState
                0x0800b2ec       0x20 ./FATFS/Target/bsp_driver_sd.o
                0x0800b2ec                BSP_SD_GetCardState
 .text.BSP_SD_GetCardInfo
                0x0800b30c       0x1c ./FATFS/Target/bsp_driver_sd.o
                0x0800b30c                BSP_SD_GetCardInfo
 .text.BSP_SD_IsDetected
                0x0800b328       0x24 ./FATFS/Target/bsp_driver_sd.o
                0x0800b328                BSP_SD_IsDetected
 .text.BSP_PlatformIsDetected
                0x0800b34c       0x2c ./FATFS/Target/fatfs_platform.o
                0x0800b34c                BSP_PlatformIsDetected
 .text.SD_CheckStatus
                0x0800b378       0x3c ./FATFS/Target/sd_diskio.o
 .text.SD_initialize
                0x0800b3b4       0x3c ./FATFS/Target/sd_diskio.o
                0x0800b3b4                SD_initialize
 .text.SD_status
                0x0800b3f0       0x1c ./FATFS/Target/sd_diskio.o
                0x0800b3f0                SD_status
 .text.SD_read  0x0800b40c       0x42 ./FATFS/Target/sd_diskio.o
                0x0800b40c                SD_read
 .text.SD_write
                0x0800b44e       0x42 ./FATFS/Target/sd_diskio.o
                0x0800b44e                SD_write
 .text.SD_ioctl
                0x0800b490       0xb0 ./FATFS/Target/sd_diskio.o
                0x0800b490                SD_ioctl
 .text.USBD_CDC_Init
                0x0800b540      0x1f0 ./Middlewares/ST/STM32_USB_Device_Library/Class/CDC/Src/usbd_cdc.o
 .text.USBD_CDC_DeInit
                0x0800b730      0x104 ./Middlewares/ST/STM32_USB_Device_Library/Class/CDC/Src/usbd_cdc.o
 .text.USBD_CDC_Setup
                0x0800b834      0x1b8 ./Middlewares/ST/STM32_USB_Device_Library/Class/CDC/Src/usbd_cdc.o
 .text.USBD_CDC_DataIn
                0x0800b9ec       0xfe ./Middlewares/ST/STM32_USB_Device_Library/Class/CDC/Src/usbd_cdc.o
 .text.USBD_CDC_DataOut
                0x0800baea       0x70 ./Middlewares/ST/STM32_USB_Device_Library/Class/CDC/Src/usbd_cdc.o
 .text.USBD_CDC_EP0_RxReady
                0x0800bb5a       0x74 ./Middlewares/ST/STM32_USB_Device_Library/Class/CDC/Src/usbd_cdc.o
 *fill*         0x0800bbce        0x2 
 .text.USBD_CDC_GetFSCfgDesc
                0x0800bbd0       0x70 ./Middlewares/ST/STM32_USB_Device_Library/Class/CDC/Src/usbd_cdc.o
 .text.USBD_CDC_GetHSCfgDesc
                0x0800bc40       0x70 ./Middlewares/ST/STM32_USB_Device_Library/Class/CDC/Src/usbd_cdc.o
 .text.USBD_CDC_GetOtherSpeedCfgDesc
                0x0800bcb0       0x70 ./Middlewares/ST/STM32_USB_Device_Library/Class/CDC/Src/usbd_cdc.o
 .text.USBD_CDC_GetDeviceQualifierDescriptor
                0x0800bd20       0x20 ./Middlewares/ST/STM32_USB_Device_Library/Class/CDC/Src/usbd_cdc.o
                0x0800bd20                USBD_CDC_GetDeviceQualifierDescriptor
 .text.USBD_CDC_RegisterInterface
                0x0800bd40       0x34 ./Middlewares/ST/STM32_USB_Device_Library/Class/CDC/Src/usbd_cdc.o
                0x0800bd40                USBD_CDC_RegisterInterface
 .text.USBD_CDC_SetTxBuffer
                0x0800bd74       0x44 ./Middlewares/ST/STM32_USB_Device_Library/Class/CDC/Src/usbd_cdc.o
                0x0800bd74                USBD_CDC_SetTxBuffer
 .text.USBD_CDC_SetRxBuffer
                0x0800bdb8       0x3a ./Middlewares/ST/STM32_USB_Device_Library/Class/CDC/Src/usbd_cdc.o
                0x0800bdb8                USBD_CDC_SetRxBuffer
 *fill*         0x0800bdf2        0x2 
 .text.USBD_CDC_ReceivePacket
                0x0800bdf4       0x6c ./Middlewares/ST/STM32_USB_Device_Library/Class/CDC/Src/usbd_cdc.o
                0x0800bdf4                USBD_CDC_ReceivePacket
 .text.USBD_Init
                0x0800be60       0x60 ./Middlewares/ST/STM32_USB_Device_Library/Core/Src/usbd_core.o
                0x0800be60                USBD_Init
 .text.USBD_RegisterClass
                0x0800bec0       0x6c ./Middlewares/ST/STM32_USB_Device_Library/Core/Src/usbd_core.o
                0x0800bec0                USBD_RegisterClass
 .text.USBD_Start
                0x0800bf2c       0x18 ./Middlewares/ST/STM32_USB_Device_Library/Core/Src/usbd_core.o
                0x0800bf2c                USBD_Start
 .text.USBD_RunTestMode
                0x0800bf44       0x16 ./Middlewares/ST/STM32_USB_Device_Library/Core/Src/usbd_core.o
                0x0800bf44                USBD_RunTestMode
 .text.USBD_SetClassConfig
                0x0800bf5a       0x38 ./Middlewares/ST/STM32_USB_Device_Library/Core/Src/usbd_core.o
                0x0800bf5a                USBD_SetClassConfig
 .text.USBD_ClrClassConfig
                0x0800bf92       0x34 ./Middlewares/ST/STM32_USB_Device_Library/Core/Src/usbd_core.o
                0x0800bf92                USBD_ClrClassConfig
 .text.USBD_LL_SetupStage
                0x0800bfc6       0xaa ./Middlewares/ST/STM32_USB_Device_Library/Core/Src/usbd_core.o
                0x0800bfc6                USBD_LL_SetupStage
 .text.USBD_LL_DataOutStage
                0x0800c070      0x178 ./Middlewares/ST/STM32_USB_Device_Library/Core/Src/usbd_core.o
                0x0800c070                USBD_LL_DataOutStage
 .text.USBD_LL_DataInStage
                0x0800c1e8      0x176 ./Middlewares/ST/STM32_USB_Device_Library/Core/Src/usbd_core.o
                0x0800c1e8                USBD_LL_DataInStage
 .text.USBD_LL_Reset
                0x0800c35e       0xa6 ./Middlewares/ST/STM32_USB_Device_Library/Core/Src/usbd_core.o
                0x0800c35e                USBD_LL_Reset
 .text.USBD_LL_SetSpeed
                0x0800c404       0x20 ./Middlewares/ST/STM32_USB_Device_Library/Core/Src/usbd_core.o
                0x0800c404                USBD_LL_SetSpeed
 .text.USBD_LL_Suspend
                0x0800c424       0x38 ./Middlewares/ST/STM32_USB_Device_Library/Core/Src/usbd_core.o
                0x0800c424                USBD_LL_Suspend
 .text.USBD_LL_Resume
                0x0800c45c       0x30 ./Middlewares/ST/STM32_USB_Device_Library/Core/Src/usbd_core.o
                0x0800c45c                USBD_LL_Resume
 .text.USBD_LL_SOF
                0x0800c48c       0x40 ./Middlewares/ST/STM32_USB_Device_Library/Core/Src/usbd_core.o
                0x0800c48c                USBD_LL_SOF
 .text.USBD_LL_IsoINIncomplete
                0x0800c4cc       0x64 ./Middlewares/ST/STM32_USB_Device_Library/Core/Src/usbd_core.o
                0x0800c4cc                USBD_LL_IsoINIncomplete
 .text.USBD_LL_IsoOUTIncomplete
                0x0800c530       0x64 ./Middlewares/ST/STM32_USB_Device_Library/Core/Src/usbd_core.o
                0x0800c530                USBD_LL_IsoOUTIncomplete
 .text.USBD_LL_DevConnected
                0x0800c594       0x16 ./Middlewares/ST/STM32_USB_Device_Library/Core/Src/usbd_core.o
                0x0800c594                USBD_LL_DevConnected
 .text.USBD_LL_DevDisconnected
                0x0800c5aa       0x46 ./Middlewares/ST/STM32_USB_Device_Library/Core/Src/usbd_core.o
                0x0800c5aa                USBD_LL_DevDisconnected
 .text.USBD_CoreFindIF
                0x0800c5f0       0x1a ./Middlewares/ST/STM32_USB_Device_Library/Core/Src/usbd_core.o
                0x0800c5f0                USBD_CoreFindIF
 .text.USBD_CoreFindEP
                0x0800c60a       0x1a ./Middlewares/ST/STM32_USB_Device_Library/Core/Src/usbd_core.o
                0x0800c60a                USBD_CoreFindEP
 .text.USBD_GetEpDesc
                0x0800c624       0x70 ./Middlewares/ST/STM32_USB_Device_Library/Core/Src/usbd_core.o
                0x0800c624                USBD_GetEpDesc
 .text.USBD_GetNextDesc
                0x0800c694       0x38 ./Middlewares/ST/STM32_USB_Device_Library/Core/Src/usbd_core.o
                0x0800c694                USBD_GetNextDesc
 .text.SWAPBYTE
                0x0800c6cc       0x3e ./Middlewares/ST/STM32_USB_Device_Library/Core/Src/usbd_ctlreq.o
 *fill*         0x0800c70a        0x2 
 .text.USBD_StdDevReq
                0x0800c70c       0xe4 ./Middlewares/ST/STM32_USB_Device_Library/Core/Src/usbd_ctlreq.o
                0x0800c70c                USBD_StdDevReq
 .text.USBD_StdItfReq
                0x0800c7f0       0xd8 ./Middlewares/ST/STM32_USB_Device_Library/Core/Src/usbd_ctlreq.o
                0x0800c7f0                USBD_StdItfReq
 .text.USBD_StdEPReq
                0x0800c8c8      0x33e ./Middlewares/ST/STM32_USB_Device_Library/Core/Src/usbd_ctlreq.o
                0x0800c8c8                USBD_StdEPReq
 *fill*         0x0800cc06        0x2 
 .text.USBD_GetDescriptor
                0x0800cc08      0x2d4 ./Middlewares/ST/STM32_USB_Device_Library/Core/Src/usbd_ctlreq.o
 .text.USBD_SetAddress
                0x0800cedc       0x88 ./Middlewares/ST/STM32_USB_Device_Library/Core/Src/usbd_ctlreq.o
 .text.USBD_SetConfig
                0x0800cf64      0x154 ./Middlewares/ST/STM32_USB_Device_Library/Core/Src/usbd_ctlreq.o
 .text.USBD_GetConfig
                0x0800d0b8       0x6c ./Middlewares/ST/STM32_USB_Device_Library/Core/Src/usbd_ctlreq.o
 .text.USBD_GetStatus
                0x0800d124       0x68 ./Middlewares/ST/STM32_USB_Device_Library/Core/Src/usbd_ctlreq.o
 .text.USBD_SetFeature
                0x0800d18c       0x52 ./Middlewares/ST/STM32_USB_Device_Library/Core/Src/usbd_ctlreq.o
 .text.USBD_ClrFeature
                0x0800d1de       0x44 ./Middlewares/ST/STM32_USB_Device_Library/Core/Src/usbd_ctlreq.o
 .text.USBD_ParseSetupRequest
                0x0800d222       0x74 ./Middlewares/ST/STM32_USB_Device_Library/Core/Src/usbd_ctlreq.o
                0x0800d222                USBD_ParseSetupRequest
 .text.USBD_CtlError
                0x0800d296       0x22 ./Middlewares/ST/STM32_USB_Device_Library/Core/Src/usbd_ctlreq.o
                0x0800d296                USBD_CtlError
 .text.USBD_GetString
                0x0800d2b8       0xa4 ./Middlewares/ST/STM32_USB_Device_Library/Core/Src/usbd_ctlreq.o
                0x0800d2b8                USBD_GetString
 .text.USBD_GetLen
                0x0800d35c       0x34 ./Middlewares/ST/STM32_USB_Device_Library/Core/Src/usbd_ctlreq.o
 .text.USBD_CtlSendData
                0x0800d390       0x3c ./Middlewares/ST/STM32_USB_Device_Library/Core/Src/usbd_ioreq.o
                0x0800d390                USBD_CtlSendData
 .text.USBD_CtlContinueSendData
                0x0800d3cc       0x22 ./Middlewares/ST/STM32_USB_Device_Library/Core/Src/usbd_ioreq.o
                0x0800d3cc                USBD_CtlContinueSendData
 .text.USBD_CtlPrepareRx
                0x0800d3ee       0x42 ./Middlewares/ST/STM32_USB_Device_Library/Core/Src/usbd_ioreq.o
                0x0800d3ee                USBD_CtlPrepareRx
 .text.USBD_CtlContinueRx
                0x0800d430       0x22 ./Middlewares/ST/STM32_USB_Device_Library/Core/Src/usbd_ioreq.o
                0x0800d430                USBD_CtlContinueRx
 .text.USBD_CtlSendStatus
                0x0800d452       0x26 ./Middlewares/ST/STM32_USB_Device_Library/Core/Src/usbd_ioreq.o
                0x0800d452                USBD_CtlSendStatus
 .text.USBD_CtlReceiveStatus
                0x0800d478       0x26 ./Middlewares/ST/STM32_USB_Device_Library/Core/Src/usbd_ioreq.o
                0x0800d478                USBD_CtlReceiveStatus
 *fill*         0x0800d49e        0x2 
 .text.disk_status
                0x0800d4a0       0x34 ./Middlewares/Third_Party/FatFs/src/diskio.o
                0x0800d4a0                disk_status
 .text.disk_initialize
                0x0800d4d4       0x50 ./Middlewares/Third_Party/FatFs/src/diskio.o
                0x0800d4d4                disk_initialize
 .text.disk_read
                0x0800d524       0x40 ./Middlewares/Third_Party/FatFs/src/diskio.o
                0x0800d524                disk_read
 .text.disk_write
                0x0800d564       0x40 ./Middlewares/Third_Party/FatFs/src/diskio.o
                0x0800d564                disk_write
 .text.disk_ioctl
                0x0800d5a4       0x3c ./Middlewares/Third_Party/FatFs/src/diskio.o
                0x0800d5a4                disk_ioctl
 .text.ld_word  0x0800d5e0       0x32 ./Middlewares/Third_Party/FatFs/src/ff.o
 .text.ld_dword
                0x0800d612       0x46 ./Middlewares/Third_Party/FatFs/src/ff.o
 .text.st_word  0x0800d658       0x36 ./Middlewares/Third_Party/FatFs/src/ff.o
 .text.st_dword
                0x0800d68e       0x58 ./Middlewares/Third_Party/FatFs/src/ff.o
 .text.mem_cpy  0x0800d6e6       0x42 ./Middlewares/Third_Party/FatFs/src/ff.o
 .text.mem_set  0x0800d728       0x36 ./Middlewares/Third_Party/FatFs/src/ff.o
 .text.mem_cmp  0x0800d75e       0x4e ./Middlewares/Third_Party/FatFs/src/ff.o
 .text.chk_chr  0x0800d7ac       0x36 ./Middlewares/Third_Party/FatFs/src/ff.o
 *fill*         0x0800d7e2        0x2 
 .text.chk_lock
                0x0800d7e4       0xb8 ./Middlewares/Third_Party/FatFs/src/ff.o
 .text.enq_lock
                0x0800d89c       0x44 ./Middlewares/Third_Party/FatFs/src/ff.o
 .text.inc_lock
                0x0800d8e0      0x11c ./Middlewares/Third_Party/FatFs/src/ff.o
 .text.dec_lock
                0x0800d9fc       0x78 ./Middlewares/Third_Party/FatFs/src/ff.o
 .text.clear_lock
                0x0800da74       0x48 ./Middlewares/Third_Party/FatFs/src/ff.o
 .text.sync_window
                0x0800dabc       0x88 ./Middlewares/Third_Party/FatFs/src/ff.o
 .text.move_window
                0x0800db44       0x5a ./Middlewares/Third_Party/FatFs/src/ff.o
 *fill*         0x0800db9e        0x2 
 .text.sync_fs  0x0800dba0       0xe0 ./Middlewares/Third_Party/FatFs/src/ff.o
 .text.clust2sect
                0x0800dc80       0x3e ./Middlewares/Third_Party/FatFs/src/ff.o
 .text.get_fat  0x0800dcbe      0x1a6 ./Middlewares/Third_Party/FatFs/src/ff.o
 .text.put_fat  0x0800de64      0x234 ./Middlewares/Third_Party/FatFs/src/ff.o
 .text.remove_chain
                0x0800e098       0xca ./Middlewares/Third_Party/FatFs/src/ff.o
 .text.create_chain
                0x0800e162      0x130 ./Middlewares/Third_Party/FatFs/src/ff.o
 .text.clmt_clust
                0x0800e292       0x70 ./Middlewares/Third_Party/FatFs/src/ff.o
 .text.dir_sdi  0x0800e302      0x112 ./Middlewares/Third_Party/FatFs/src/ff.o
 .text.dir_next
                0x0800e414      0x1ac ./Middlewares/Third_Party/FatFs/src/ff.o
 .text.dir_alloc
                0x0800e5c0       0x8e ./Middlewares/Third_Party/FatFs/src/ff.o
 .text.ld_clust
                0x0800e64e       0x3e ./Middlewares/Third_Party/FatFs/src/ff.o
 .text.st_clust
                0x0800e68c       0x40 ./Middlewares/Third_Party/FatFs/src/ff.o
 .text.cmp_lfn  0x0800e6cc       0xe0 ./Middlewares/Third_Party/FatFs/src/ff.o
 .text.put_lfn  0x0800e7ac       0xd0 ./Middlewares/Third_Party/FatFs/src/ff.o
 .text.gen_numname
                0x0800e87c      0x11c ./Middlewares/Third_Party/FatFs/src/ff.o
 .text.sum_sfn  0x0800e998       0x42 ./Middlewares/Third_Party/FatFs/src/ff.o
 .text.dir_find
                0x0800e9da      0x180 ./Middlewares/Third_Party/FatFs/src/ff.o
 *fill*         0x0800eb5a        0x2 
 .text.dir_register
                0x0800eb5c      0x1f0 ./Middlewares/Third_Party/FatFs/src/ff.o
 .text.create_name
                0x0800ed4c      0x370 ./Middlewares/Third_Party/FatFs/src/ff.o
 .text.follow_path
                0x0800f0bc       0xec ./Middlewares/Third_Party/FatFs/src/ff.o
 .text.get_ldnumber
                0x0800f1a8       0x88 ./Middlewares/Third_Party/FatFs/src/ff.o
 .text.check_fs
                0x0800f230       0xac ./Middlewares/Third_Party/FatFs/src/ff.o
 .text.find_volume
                0x0800f2dc      0x500 ./Middlewares/Third_Party/FatFs/src/ff.o
 .text.validate
                0x0800f7dc       0x6a ./Middlewares/Third_Party/FatFs/src/ff.o
 *fill*         0x0800f846        0x2 
 .text.f_mount  0x0800f848       0x8c ./Middlewares/Third_Party/FatFs/src/ff.o
                0x0800f848                f_mount
 .text.f_open   0x0800f8d4      0x3b0 ./Middlewares/Third_Party/FatFs/src/ff.o
                0x0800f8d4                f_open
 .text.f_read   0x0800fc84      0x2be ./Middlewares/Third_Party/FatFs/src/ff.o
                0x0800fc84                f_read
 .text.f_write  0x0800ff42      0x328 ./Middlewares/Third_Party/FatFs/src/ff.o
                0x0800ff42                f_write
 .text.f_sync   0x0801026a       0xfc ./Middlewares/Third_Party/FatFs/src/ff.o
                0x0801026a                f_sync
 .text.f_close  0x08010366       0x54 ./Middlewares/Third_Party/FatFs/src/ff.o
                0x08010366                f_close
 *fill*         0x080103ba        0x2 
 .text.FATFS_LinkDriverEx
                0x080103bc       0x98 ./Middlewares/Third_Party/FatFs/src/ff_gen_drv.o
                0x080103bc                FATFS_LinkDriverEx
 .text.FATFS_LinkDriver
                0x08010454       0x1e ./Middlewares/Third_Party/FatFs/src/ff_gen_drv.o
                0x08010454                FATFS_LinkDriver
 *fill*         0x08010472        0x2 
 .text.ff_convert
                0x08010474       0x78 ./Middlewares/Third_Party/FatFs/src/option/ccsbcs.o
                0x08010474                ff_convert
 .text.ff_wtoupper
                0x080104ec      0x114 ./Middlewares/Third_Party/FatFs/src/option/ccsbcs.o
                0x080104ec                ff_wtoupper
 .text.ff_memalloc
                0x08010600       0x18 ./Middlewares/Third_Party/FatFs/src/option/syscall.o
                0x08010600                ff_memalloc
 .text.ff_memfree
                0x08010618       0x16 ./Middlewares/Third_Party/FatFs/src/option/syscall.o
                0x08010618                ff_memfree
 *fill*         0x0801062e        0x2 
 .text.MX_USB_DEVICE_Init
                0x08010630       0x60 ./USB_DEVICE/App/usb_device.o
                0x08010630                MX_USB_DEVICE_Init
 .text.CDC_Init_FS
                0x08010690       0x28 ./USB_DEVICE/App/usbd_cdc_if.o
 .text.CDC_DeInit_FS
                0x080106b8       0x10 ./USB_DEVICE/App/usbd_cdc_if.o
 .text.CDC_Control_FS
                0x080106c8       0xbc ./USB_DEVICE/App/usbd_cdc_if.o
 .text.CDC_Receive_FS
                0x08010784       0x28 ./USB_DEVICE/App/usbd_cdc_if.o
 .text.CDC_TransmitCplt_FS
                0x080107ac       0x22 ./USB_DEVICE/App/usbd_cdc_if.o
 *fill*         0x080107ce        0x2 
 .text.USBD_FS_DeviceDescriptor
                0x080107d0       0x24 ./USB_DEVICE/App/usbd_desc.o
                0x080107d0                USBD_FS_DeviceDescriptor
 .text.USBD_FS_LangIDStrDescriptor
                0x080107f4       0x24 ./USB_DEVICE/App/usbd_desc.o
                0x080107f4                USBD_FS_LangIDStrDescriptor
 .text.USBD_FS_ProductStrDescriptor
                0x08010818       0x3c ./USB_DEVICE/App/usbd_desc.o
                0x08010818                USBD_FS_ProductStrDescriptor
 .text.USBD_FS_ManufacturerStrDescriptor
                0x08010854       0x28 ./USB_DEVICE/App/usbd_desc.o
                0x08010854                USBD_FS_ManufacturerStrDescriptor
 .text.USBD_FS_SerialStrDescriptor
                0x0801087c       0x24 ./USB_DEVICE/App/usbd_desc.o
                0x0801087c                USBD_FS_SerialStrDescriptor
 .text.USBD_FS_ConfigStrDescriptor
                0x080108a0       0x3c ./USB_DEVICE/App/usbd_desc.o
                0x080108a0                USBD_FS_ConfigStrDescriptor
 .text.USBD_FS_InterfaceStrDescriptor
                0x080108dc       0x3c ./USB_DEVICE/App/usbd_desc.o
                0x080108dc                USBD_FS_InterfaceStrDescriptor
 .text.Get_SerialNum
                0x08010918       0x58 ./USB_DEVICE/App/usbd_desc.o
 .text.IntToUnicode
                0x08010970       0x7e ./USB_DEVICE/App/usbd_desc.o
 *fill*         0x080109ee        0x2 
 .text.HAL_PCD_MspInit
                0x080109f0       0xa8 ./USB_DEVICE/Target/usbd_conf.o
                0x080109f0                HAL_PCD_MspInit
 .text.HAL_PCD_SetupStageCallback
                0x08010a98       0x24 ./USB_DEVICE/Target/usbd_conf.o
                0x08010a98                HAL_PCD_SetupStageCallback
 .text.HAL_PCD_DataOutStageCallback
                0x08010abc       0x36 ./USB_DEVICE/Target/usbd_conf.o
                0x08010abc                HAL_PCD_DataOutStageCallback
 .text.HAL_PCD_DataInStageCallback
                0x08010af2       0x34 ./USB_DEVICE/Target/usbd_conf.o
                0x08010af2                HAL_PCD_DataInStageCallback
 .text.HAL_PCD_SOFCallback
                0x08010b26       0x1c ./USB_DEVICE/Target/usbd_conf.o
                0x08010b26                HAL_PCD_SOFCallback
 .text.HAL_PCD_ResetCallback
                0x08010b42       0x50 ./USB_DEVICE/Target/usbd_conf.o
                0x08010b42                HAL_PCD_ResetCallback
 *fill*         0x08010b92        0x2 
 .text.HAL_PCD_SuspendCallback
                0x08010b94       0x4c ./USB_DEVICE/Target/usbd_conf.o
                0x08010b94                HAL_PCD_SuspendCallback
 .text.HAL_PCD_ResumeCallback
                0x08010be0       0x1c ./USB_DEVICE/Target/usbd_conf.o
                0x08010be0                HAL_PCD_ResumeCallback
 .text.HAL_PCD_ISOOUTIncompleteCallback
                0x08010bfc       0x24 ./USB_DEVICE/Target/usbd_conf.o
                0x08010bfc                HAL_PCD_ISOOUTIncompleteCallback
 .text.HAL_PCD_ISOINIncompleteCallback
                0x08010c20       0x24 ./USB_DEVICE/Target/usbd_conf.o
                0x08010c20                HAL_PCD_ISOINIncompleteCallback
 .text.HAL_PCD_ConnectCallback
                0x08010c44       0x1c ./USB_DEVICE/Target/usbd_conf.o
                0x08010c44                HAL_PCD_ConnectCallback
 .text.HAL_PCD_DisconnectCallback
                0x08010c60       0x1c ./USB_DEVICE/Target/usbd_conf.o
                0x08010c60                HAL_PCD_DisconnectCallback
 .text.USBD_LL_Init
                0x08010c7c       0x98 ./USB_DEVICE/Target/usbd_conf.o
                0x08010c7c                USBD_LL_Init
 .text.USBD_LL_Start
                0x08010d14       0x36 ./USB_DEVICE/Target/usbd_conf.o
                0x08010d14                USBD_LL_Start
 .text.USBD_LL_OpenEP
                0x08010d4a       0x4c ./USB_DEVICE/Target/usbd_conf.o
                0x08010d4a                USBD_LL_OpenEP
 .text.USBD_LL_CloseEP
                0x08010d96       0x3e ./USB_DEVICE/Target/usbd_conf.o
                0x08010d96                USBD_LL_CloseEP
 .text.USBD_LL_StallEP
                0x08010dd4       0x3e ./USB_DEVICE/Target/usbd_conf.o
                0x08010dd4                USBD_LL_StallEP
 .text.USBD_LL_ClearStallEP
                0x08010e12       0x3e ./USB_DEVICE/Target/usbd_conf.o
                0x08010e12                USBD_LL_ClearStallEP
 .text.USBD_LL_IsStallEP
                0x08010e50       0x58 ./USB_DEVICE/Target/usbd_conf.o
                0x08010e50                USBD_LL_IsStallEP
 .text.USBD_LL_SetUSBAddress
                0x08010ea8       0x3e ./USB_DEVICE/Target/usbd_conf.o
                0x08010ea8                USBD_LL_SetUSBAddress
 .text.USBD_LL_Transmit
                0x08010ee6       0x42 ./USB_DEVICE/Target/usbd_conf.o
                0x08010ee6                USBD_LL_Transmit
 .text.USBD_LL_PrepareReceive
                0x08010f28       0x42 ./USB_DEVICE/Target/usbd_conf.o
                0x08010f28                USBD_LL_PrepareReceive
 .text.USBD_LL_GetRxDataSize
                0x08010f6a       0x26 ./USB_DEVICE/Target/usbd_conf.o
                0x08010f6a                USBD_LL_GetRxDataSize
 .text.USBD_static_malloc
                0x08010f90       0x1c ./USB_DEVICE/Target/usbd_conf.o
                0x08010f90                USBD_static_malloc
 .text.USBD_static_free
                0x08010fac       0x14 ./USB_DEVICE/Target/usbd_conf.o
                0x08010fac                USBD_static_free
 .text.USBD_Get_USB_Status
                0x08010fc0       0x58 ./USB_DEVICE/Target/usbd_conf.o
                0x08010fc0                USBD_Get_USB_Status
 .text.malloc   0x08011018       0x10 C:/ST/STM32CubeIDE_1.19.0/STM32CubeIDE/plugins/com.st.stm32cube.ide.mcu.externaltools.gnu-tools-for-stm32.13.3.rel1.win32_1.0.0.202411081344/tools/bin/../lib/gcc/arm-none-eabi/13.3.1/../../../../arm-none-eabi/lib/thumb/v7e-m+fp/hard\libc_nano.a(libc_a-malloc.o)
                0x08011018                malloc
 .text.free     0x08011028       0x10 C:/ST/STM32CubeIDE_1.19.0/STM32CubeIDE/plugins/com.st.stm32cube.ide.mcu.externaltools.gnu-tools-for-stm32.13.3.rel1.win32_1.0.0.202411081344/tools/bin/../lib/gcc/arm-none-eabi/13.3.1/../../../../arm-none-eabi/lib/thumb/v7e-m+fp/hard\libc_nano.a(libc_a-malloc.o)
                0x08011028                free
 .text.sbrk_aligned
                0x08011038       0x44 C:/ST/STM32CubeIDE_1.19.0/STM32CubeIDE/plugins/com.st.stm32cube.ide.mcu.externaltools.gnu-tools-for-stm32.13.3.rel1.win32_1.0.0.202411081344/tools/bin/../lib/gcc/arm-none-eabi/13.3.1/../../../../arm-none-eabi/lib/thumb/v7e-m+fp/hard\libc_nano.a(libc_a-mallocr.o)
 .text._malloc_r
                0x0801107c      0x100 C:/ST/STM32CubeIDE_1.19.0/STM32CubeIDE/plugins/com.st.stm32cube.ide.mcu.externaltools.gnu-tools-for-stm32.13.3.rel1.win32_1.0.0.202411081344/tools/bin/../lib/gcc/arm-none-eabi/13.3.1/../../../../arm-none-eabi/lib/thumb/v7e-m+fp/hard\libc_nano.a(libc_a-mallocr.o)
                0x0801107c                _malloc_r
 .text.__malloc_lock
                0x0801117c        0xc C:/ST/STM32CubeIDE_1.19.0/STM32CubeIDE/plugins/com.st.stm32cube.ide.mcu.externaltools.gnu-tools-for-stm32.13.3.rel1.win32_1.0.0.202411081344/tools/bin/../lib/gcc/arm-none-eabi/13.3.1/../../../../arm-none-eabi/lib/thumb/v7e-m+fp/hard\libc_nano.a(libc_a-mlock.o)
                0x0801117c                __malloc_lock
 .text.__malloc_unlock
                0x08011188        0xc C:/ST/STM32CubeIDE_1.19.0/STM32CubeIDE/plugins/com.st.stm32cube.ide.mcu.externaltools.gnu-tools-for-stm32.13.3.rel1.win32_1.0.0.202411081344/tools/bin/../lib/gcc/arm-none-eabi/13.3.1/../../../../arm-none-eabi/lib/thumb/v7e-m+fp/hard\libc_nano.a(libc_a-mlock.o)
                0x08011188                __malloc_unlock
 .text.__cvt    0x08011194       0xca C:/ST/STM32CubeIDE_1.19.0/STM32CubeIDE/plugins/com.st.stm32cube.ide.mcu.externaltools.gnu-tools-for-stm32.13.3.rel1.win32_1.0.0.202411081344/tools/bin/../lib/gcc/arm-none-eabi/13.3.1/../../../../arm-none-eabi/lib/thumb/v7e-m+fp/hard\libc_nano.a(libc_a-nano-vfprintf_float.o)
                0x08011194                __cvt
 .text.__exponent
                0x0801125e       0x74 C:/ST/STM32CubeIDE_1.19.0/STM32CubeIDE/plugins/com.st.stm32cube.ide.mcu.externaltools.gnu-tools-for-stm32.13.3.rel1.win32_1.0.0.202411081344/tools/bin/../lib/gcc/arm-none-eabi/13.3.1/../../../../arm-none-eabi/lib/thumb/v7e-m+fp/hard\libc_nano.a(libc_a-nano-vfprintf_float.o)
                0x0801125e                __exponent
 *fill*         0x080112d2        0x2 
 .text._printf_float
                0x080112d4      0x454 C:/ST/STM32CubeIDE_1.19.0/STM32CubeIDE/plugins/com.st.stm32cube.ide.mcu.externaltools.gnu-tools-for-stm32.13.3.rel1.win32_1.0.0.202411081344/tools/bin/../lib/gcc/arm-none-eabi/13.3.1/../../../../arm-none-eabi/lib/thumb/v7e-m+fp/hard\libc_nano.a(libc_a-nano-vfprintf_float.o)
                0x080112d4                _printf_float
 .text._printf_common
                0x08011728       0xda C:/ST/STM32CubeIDE_1.19.0/STM32CubeIDE/plugins/com.st.stm32cube.ide.mcu.externaltools.gnu-tools-for-stm32.13.3.rel1.win32_1.0.0.202411081344/tools/bin/../lib/gcc/arm-none-eabi/13.3.1/../../../../arm-none-eabi/lib/thumb/v7e-m+fp/hard\libc_nano.a(libc_a-nano-vfprintf_i.o)
                0x08011728                _printf_common
 *fill*         0x08011802        0x2 
 .text._printf_i
                0x08011804      0x23c C:/ST/STM32CubeIDE_1.19.0/STM32CubeIDE/plugins/com.st.stm32cube.ide.mcu.externaltools.gnu-tools-for-stm32.13.3.rel1.win32_1.0.0.202411081344/tools/bin/../lib/gcc/arm-none-eabi/13.3.1/../../../../arm-none-eabi/lib/thumb/v7e-m+fp/hard\libc_nano.a(libc_a-nano-vfprintf_i.o)
                0x08011804                _printf_i
 .text._scanf_float
                0x08011a40      0x41c C:/ST/STM32CubeIDE_1.19.0/STM32CubeIDE/plugins/com.st.stm32cube.ide.mcu.externaltools.gnu-tools-for-stm32.13.3.rel1.win32_1.0.0.202411081344/tools/bin/../lib/gcc/arm-none-eabi/13.3.1/../../../../arm-none-eabi/lib/thumb/v7e-m+fp/hard\libc_nano.a(libc_a-nano-vfscanf_float.o)
                0x08011a40                _scanf_float
 .text.std      0x08011e5c       0x6c C:/ST/STM32CubeIDE_1.19.0/STM32CubeIDE/plugins/com.st.stm32cube.ide.mcu.externaltools.gnu-tools-for-stm32.13.3.rel1.win32_1.0.0.202411081344/tools/bin/../lib/gcc/arm-none-eabi/13.3.1/../../../../arm-none-eabi/lib/thumb/v7e-m+fp/hard\libc_nano.a(libc_a-findfp.o)
 .text.stdio_exit_handler
                0x08011ec8       0x18 C:/ST/STM32CubeIDE_1.19.0/STM32CubeIDE/plugins/com.st.stm32cube.ide.mcu.externaltools.gnu-tools-for-stm32.13.3.rel1.win32_1.0.0.202411081344/tools/bin/../lib/gcc/arm-none-eabi/13.3.1/../../../../arm-none-eabi/lib/thumb/v7e-m+fp/hard\libc_nano.a(libc_a-findfp.o)
 .text.cleanup_stdio
                0x08011ee0       0x40 C:/ST/STM32CubeIDE_1.19.0/STM32CubeIDE/plugins/com.st.stm32cube.ide.mcu.externaltools.gnu-tools-for-stm32.13.3.rel1.win32_1.0.0.202411081344/tools/bin/../lib/gcc/arm-none-eabi/13.3.1/../../../../arm-none-eabi/lib/thumb/v7e-m+fp/hard\libc_nano.a(libc_a-findfp.o)
 .text.global_stdio_init.part.0
                0x08011f20       0x3c C:/ST/STM32CubeIDE_1.19.0/STM32CubeIDE/plugins/com.st.stm32cube.ide.mcu.externaltools.gnu-tools-for-stm32.13.3.rel1.win32_1.0.0.202411081344/tools/bin/../lib/gcc/arm-none-eabi/13.3.1/../../../../arm-none-eabi/lib/thumb/v7e-m+fp/hard\libc_nano.a(libc_a-findfp.o)
 .text.__sfp_lock_acquire
                0x08011f5c        0xc C:/ST/STM32CubeIDE_1.19.0/STM32CubeIDE/plugins/com.st.stm32cube.ide.mcu.externaltools.gnu-tools-for-stm32.13.3.rel1.win32_1.0.0.202411081344/tools/bin/../lib/gcc/arm-none-eabi/13.3.1/../../../../arm-none-eabi/lib/thumb/v7e-m+fp/hard\libc_nano.a(libc_a-findfp.o)
                0x08011f5c                __sfp_lock_acquire
 .text.__sfp_lock_release
                0x08011f68        0xc C:/ST/STM32CubeIDE_1.19.0/STM32CubeIDE/plugins/com.st.stm32cube.ide.mcu.externaltools.gnu-tools-for-stm32.13.3.rel1.win32_1.0.0.202411081344/tools/bin/../lib/gcc/arm-none-eabi/13.3.1/../../../../arm-none-eabi/lib/thumb/v7e-m+fp/hard\libc_nano.a(libc_a-findfp.o)
                0x08011f68                __sfp_lock_release
 .text.__sinit  0x08011f74       0x30 C:/ST/STM32CubeIDE_1.19.0/STM32CubeIDE/plugins/com.st.stm32cube.ide.mcu.externaltools.gnu-tools-for-stm32.13.3.rel1.win32_1.0.0.202411081344/tools/bin/../lib/gcc/arm-none-eabi/13.3.1/../../../../arm-none-eabi/lib/thumb/v7e-m+fp/hard\libc_nano.a(libc_a-findfp.o)
                0x08011f74                __sinit
 .text._fwalk_sglue
                0x08011fa4       0x3c C:/ST/STM32CubeIDE_1.19.0/STM32CubeIDE/plugins/com.st.stm32cube.ide.mcu.externaltools.gnu-tools-for-stm32.13.3.rel1.win32_1.0.0.202411081344/tools/bin/../lib/gcc/arm-none-eabi/13.3.1/../../../../arm-none-eabi/lib/thumb/v7e-m+fp/hard\libc_nano.a(libc_a-fwalk.o)
                0x08011fa4                _fwalk_sglue
 .text.sprintf  0x08011fe0       0x44 C:/ST/STM32CubeIDE_1.19.0/STM32CubeIDE/plugins/com.st.stm32cube.ide.mcu.externaltools.gnu-tools-for-stm32.13.3.rel1.win32_1.0.0.202411081344/tools/bin/../lib/gcc/arm-none-eabi/13.3.1/../../../../arm-none-eabi/lib/thumb/v7e-m+fp/hard\libc_nano.a(libc_a-sprintf.o)
                0x08011fe0                siprintf
                0x08011fe0                sprintf
 .text.__sread  0x08012024       0x22 C:/ST/STM32CubeIDE_1.19.0/STM32CubeIDE/plugins/com.st.stm32cube.ide.mcu.externaltools.gnu-tools-for-stm32.13.3.rel1.win32_1.0.0.202411081344/tools/bin/../lib/gcc/arm-none-eabi/13.3.1/../../../../arm-none-eabi/lib/thumb/v7e-m+fp/hard\libc_nano.a(libc_a-stdio.o)
                0x08012024                __sread
 .text.__swrite
                0x08012046       0x38 C:/ST/STM32CubeIDE_1.19.0/STM32CubeIDE/plugins/com.st.stm32cube.ide.mcu.externaltools.gnu-tools-for-stm32.13.3.rel1.win32_1.0.0.202411081344/tools/bin/../lib/gcc/arm-none-eabi/13.3.1/../../../../arm-none-eabi/lib/thumb/v7e-m+fp/hard\libc_nano.a(libc_a-stdio.o)
                0x08012046                __swrite
 .text.__sseek  0x0801207e       0x24 C:/ST/STM32CubeIDE_1.19.0/STM32CubeIDE/plugins/com.st.stm32cube.ide.mcu.externaltools.gnu-tools-for-stm32.13.3.rel1.win32_1.0.0.202411081344/tools/bin/../lib/gcc/arm-none-eabi/13.3.1/../../../../arm-none-eabi/lib/thumb/v7e-m+fp/hard\libc_nano.a(libc_a-stdio.o)
                0x0801207e                __sseek
 .text.__sclose
                0x080120a2        0x8 C:/ST/STM32CubeIDE_1.19.0/STM32CubeIDE/plugins/com.st.stm32cube.ide.mcu.externaltools.gnu-tools-for-stm32.13.3.rel1.win32_1.0.0.202411081344/tools/bin/../lib/gcc/arm-none-eabi/13.3.1/../../../../arm-none-eabi/lib/thumb/v7e-m+fp/hard\libc_nano.a(libc_a-stdio.o)
                0x080120a2                __sclose
 .text.memset   0x080120aa       0x10 C:/ST/STM32CubeIDE_1.19.0/STM32CubeIDE/plugins/com.st.stm32cube.ide.mcu.externaltools.gnu-tools-for-stm32.13.3.rel1.win32_1.0.0.202411081344/tools/bin/../lib/gcc/arm-none-eabi/13.3.1/../../../../arm-none-eabi/lib/thumb/v7e-m+fp/hard\libc_nano.a(libc_a-memset.o)
                0x080120aa                memset
 *fill*         0x080120ba        0x2 
 .text._localeconv_r
                0x080120bc        0x8 C:/ST/STM32CubeIDE_1.19.0/STM32CubeIDE/plugins/com.st.stm32cube.ide.mcu.externaltools.gnu-tools-for-stm32.13.3.rel1.win32_1.0.0.202411081344/tools/bin/../lib/gcc/arm-none-eabi/13.3.1/../../../../arm-none-eabi/lib/thumb/v7e-m+fp/hard\libc_nano.a(libc_a-localeconv.o)
                0x080120bc                _localeconv_r
 .text._close_r
                0x080120c4       0x20 C:/ST/STM32CubeIDE_1.19.0/STM32CubeIDE/plugins/com.st.stm32cube.ide.mcu.externaltools.gnu-tools-for-stm32.13.3.rel1.win32_1.0.0.202411081344/tools/bin/../lib/gcc/arm-none-eabi/13.3.1/../../../../arm-none-eabi/lib/thumb/v7e-m+fp/hard\libc_nano.a(libc_a-closer.o)
                0x080120c4                _close_r
 .text._lseek_r
                0x080120e4       0x24 C:/ST/STM32CubeIDE_1.19.0/STM32CubeIDE/plugins/com.st.stm32cube.ide.mcu.externaltools.gnu-tools-for-stm32.13.3.rel1.win32_1.0.0.202411081344/tools/bin/../lib/gcc/arm-none-eabi/13.3.1/../../../../arm-none-eabi/lib/thumb/v7e-m+fp/hard\libc_nano.a(libc_a-lseekr.o)
                0x080120e4                _lseek_r
 .text._read_r  0x08012108       0x24 C:/ST/STM32CubeIDE_1.19.0/STM32CubeIDE/plugins/com.st.stm32cube.ide.mcu.externaltools.gnu-tools-for-stm32.13.3.rel1.win32_1.0.0.202411081344/tools/bin/../lib/gcc/arm-none-eabi/13.3.1/../../../../arm-none-eabi/lib/thumb/v7e-m+fp/hard\libc_nano.a(libc_a-readr.o)
                0x08012108                _read_r
 .text._sbrk_r  0x0801212c       0x20 C:/ST/STM32CubeIDE_1.19.0/STM32CubeIDE/plugins/com.st.stm32cube.ide.mcu.externaltools.gnu-tools-for-stm32.13.3.rel1.win32_1.0.0.202411081344/tools/bin/../lib/gcc/arm-none-eabi/13.3.1/../../../../arm-none-eabi/lib/thumb/v7e-m+fp/hard\libc_nano.a(libc_a-sbrkr.o)
                0x0801212c                _sbrk_r
 .text._write_r
                0x0801214c       0x24 C:/ST/STM32CubeIDE_1.19.0/STM32CubeIDE/plugins/com.st.stm32cube.ide.mcu.externaltools.gnu-tools-for-stm32.13.3.rel1.win32_1.0.0.202411081344/tools/bin/../lib/gcc/arm-none-eabi/13.3.1/../../../../arm-none-eabi/lib/thumb/v7e-m+fp/hard\libc_nano.a(libc_a-writer.o)
                0x0801214c                _write_r
 .text.__errno  0x08012170        0xc C:/ST/STM32CubeIDE_1.19.0/STM32CubeIDE/plugins/com.st.stm32cube.ide.mcu.externaltools.gnu-tools-for-stm32.13.3.rel1.win32_1.0.0.202411081344/tools/bin/../lib/gcc/arm-none-eabi/13.3.1/../../../../arm-none-eabi/lib/thumb/v7e-m+fp/hard\libc_nano.a(libc_a-errno.o)
                0x08012170                __errno
 .text.__libc_init_array
                0x0801217c       0x48 C:/ST/STM32CubeIDE_1.19.0/STM32CubeIDE/plugins/com.st.stm32cube.ide.mcu.externaltools.gnu-tools-for-stm32.13.3.rel1.win32_1.0.0.202411081344/tools/bin/../lib/gcc/arm-none-eabi/13.3.1/../../../../arm-none-eabi/lib/thumb/v7e-m+fp/hard\libc_nano.a(libc_a-init.o)
                0x0801217c                __libc_init_array
 .text.__retarget_lock_init_recursive
                0x080121c4        0x2 C:/ST/STM32CubeIDE_1.19.0/STM32CubeIDE/plugins/com.st.stm32cube.ide.mcu.externaltools.gnu-tools-for-stm32.13.3.rel1.win32_1.0.0.202411081344/tools/bin/../lib/gcc/arm-none-eabi/13.3.1/../../../../arm-none-eabi/lib/thumb/v7e-m+fp/hard\libc_nano.a(libc_a-lock.o)
                0x080121c4                __retarget_lock_init_recursive
 .text.__retarget_lock_acquire_recursive
                0x080121c6        0x2 C:/ST/STM32CubeIDE_1.19.0/STM32CubeIDE/plugins/com.st.stm32cube.ide.mcu.externaltools.gnu-tools-for-stm32.13.3.rel1.win32_1.0.0.202411081344/tools/bin/../lib/gcc/arm-none-eabi/13.3.1/../../../../arm-none-eabi/lib/thumb/v7e-m+fp/hard\libc_nano.a(libc_a-lock.o)
                0x080121c6                __retarget_lock_acquire_recursive
 .text.__retarget_lock_release_recursive
                0x080121c8        0x2 C:/ST/STM32CubeIDE_1.19.0/STM32CubeIDE/plugins/com.st.stm32cube.ide.mcu.externaltools.gnu-tools-for-stm32.13.3.rel1.win32_1.0.0.202411081344/tools/bin/../lib/gcc/arm-none-eabi/13.3.1/../../../../arm-none-eabi/lib/thumb/v7e-m+fp/hard\libc_nano.a(libc_a-lock.o)
                0x080121c8                __retarget_lock_release_recursive
 *fill*         0x080121ca        0x2 
 .text.nanf     0x080121cc        0xc C:/ST/STM32CubeIDE_1.19.0/STM32CubeIDE/plugins/com.st.stm32cube.ide.mcu.externaltools.gnu-tools-for-stm32.13.3.rel1.win32_1.0.0.202411081344/tools/bin/../lib/gcc/arm-none-eabi/13.3.1/../../../../arm-none-eabi/lib/thumb/v7e-m+fp/hard\libc_nano.a(libm_a-sf_nan.o)
                0x080121cc                nanf
 .text.quorem   0x080121d8      0x110 C:/ST/STM32CubeIDE_1.19.0/STM32CubeIDE/plugins/com.st.stm32cube.ide.mcu.externaltools.gnu-tools-for-stm32.13.3.rel1.win32_1.0.0.202411081344/tools/bin/../lib/gcc/arm-none-eabi/13.3.1/../../../../arm-none-eabi/lib/thumb/v7e-m+fp/hard\libc_nano.a(libc_a-dtoa.o)
 .text._dtoa_r  0x080122e8      0xba0 C:/ST/STM32CubeIDE_1.19.0/STM32CubeIDE/plugins/com.st.stm32cube.ide.mcu.externaltools.gnu-tools-for-stm32.13.3.rel1.win32_1.0.0.202411081344/tools/bin/../lib/gcc/arm-none-eabi/13.3.1/../../../../arm-none-eabi/lib/thumb/v7e-m+fp/hard\libc_nano.a(libc_a-dtoa.o)
                0x080122e8                _dtoa_r
 .text._free_r  0x08012e88       0x94 C:/ST/STM32CubeIDE_1.19.0/STM32CubeIDE/plugins/com.st.stm32cube.ide.mcu.externaltools.gnu-tools-for-stm32.13.3.rel1.win32_1.0.0.202411081344/tools/bin/../lib/gcc/arm-none-eabi/13.3.1/../../../../arm-none-eabi/lib/thumb/v7e-m+fp/hard\libc_nano.a(libc_a-freer.o)
                0x08012e88                _free_r
 .text._Balloc  0x08012f1c       0x80 C:/ST/STM32CubeIDE_1.19.0/STM32CubeIDE/plugins/com.st.stm32cube.ide.mcu.externaltools.gnu-tools-for-stm32.13.3.rel1.win32_1.0.0.202411081344/tools/bin/../lib/gcc/arm-none-eabi/13.3.1/../../../../arm-none-eabi/lib/thumb/v7e-m+fp/hard\libc_nano.a(libc_a-mprec.o)
                0x08012f1c                _Balloc
 .text._Bfree   0x08012f9c       0x44 C:/ST/STM32CubeIDE_1.19.0/STM32CubeIDE/plugins/com.st.stm32cube.ide.mcu.externaltools.gnu-tools-for-stm32.13.3.rel1.win32_1.0.0.202411081344/tools/bin/../lib/gcc/arm-none-eabi/13.3.1/../../../../arm-none-eabi/lib/thumb/v7e-m+fp/hard\libc_nano.a(libc_a-mprec.o)
                0x08012f9c                _Bfree
 .text.__multadd
                0x08012fe0       0x8c C:/ST/STM32CubeIDE_1.19.0/STM32CubeIDE/plugins/com.st.stm32cube.ide.mcu.externaltools.gnu-tools-for-stm32.13.3.rel1.win32_1.0.0.202411081344/tools/bin/../lib/gcc/arm-none-eabi/13.3.1/../../../../arm-none-eabi/lib/thumb/v7e-m+fp/hard\libc_nano.a(libc_a-mprec.o)
                0x08012fe0                __multadd
 .text.__s2b    0x0801306c       0x94 C:/ST/STM32CubeIDE_1.19.0/STM32CubeIDE/plugins/com.st.stm32cube.ide.mcu.externaltools.gnu-tools-for-stm32.13.3.rel1.win32_1.0.0.202411081344/tools/bin/../lib/gcc/arm-none-eabi/13.3.1/../../../../arm-none-eabi/lib/thumb/v7e-m+fp/hard\libc_nano.a(libc_a-mprec.o)
                0x0801306c                __s2b
 .text.__hi0bits
                0x08013100       0x3e C:/ST/STM32CubeIDE_1.19.0/STM32CubeIDE/plugins/com.st.stm32cube.ide.mcu.externaltools.gnu-tools-for-stm32.13.3.rel1.win32_1.0.0.202411081344/tools/bin/../lib/gcc/arm-none-eabi/13.3.1/../../../../arm-none-eabi/lib/thumb/v7e-m+fp/hard\libc_nano.a(libc_a-mprec.o)
                0x08013100                __hi0bits
 .text.__lo0bits
                0x0801313e       0x5a C:/ST/STM32CubeIDE_1.19.0/STM32CubeIDE/plugins/com.st.stm32cube.ide.mcu.externaltools.gnu-tools-for-stm32.13.3.rel1.win32_1.0.0.202411081344/tools/bin/../lib/gcc/arm-none-eabi/13.3.1/../../../../arm-none-eabi/lib/thumb/v7e-m+fp/hard\libc_nano.a(libc_a-mprec.o)
                0x0801313e                __lo0bits
 .text.__i2b    0x08013198       0x2c C:/ST/STM32CubeIDE_1.19.0/STM32CubeIDE/plugins/com.st.stm32cube.ide.mcu.externaltools.gnu-tools-for-stm32.13.3.rel1.win32_1.0.0.202411081344/tools/bin/../lib/gcc/arm-none-eabi/13.3.1/../../../../arm-none-eabi/lib/thumb/v7e-m+fp/hard\libc_nano.a(libc_a-mprec.o)
                0x08013198                __i2b
 .text.__multiply
                0x080131c4      0x144 C:/ST/STM32CubeIDE_1.19.0/STM32CubeIDE/plugins/com.st.stm32cube.ide.mcu.externaltools.gnu-tools-for-stm32.13.3.rel1.win32_1.0.0.202411081344/tools/bin/../lib/gcc/arm-none-eabi/13.3.1/../../../../arm-none-eabi/lib/thumb/v7e-m+fp/hard\libc_nano.a(libc_a-mprec.o)
                0x080131c4                __multiply
 .text.__pow5mult
                0x08013308       0xb4 C:/ST/STM32CubeIDE_1.19.0/STM32CubeIDE/plugins/com.st.stm32cube.ide.mcu.externaltools.gnu-tools-for-stm32.13.3.rel1.win32_1.0.0.202411081344/tools/bin/../lib/gcc/arm-none-eabi/13.3.1/../../../../arm-none-eabi/lib/thumb/v7e-m+fp/hard\libc_nano.a(libc_a-mprec.o)